
 Start Length Name Class
 0001:00401000 00018DD34H _TEXT                  CODE
 0002:0058F000 00015E700H _DATA                  DATA
 0003:006ED700 000020F6CH _BSS                   BSS
 0004:00000000 0000000A4H _TLS                   TLS


Detailed map of segments
 0001:0000068C 0000014F C=CODE    S=_TEXT    G=(none)   M=D:\PRGPLUS\YOUTUBE\TESTE\IDE\TOOLS\BCC\LIB\C0W32.OBJ ACBP=A9
 0001:000007DC 000000E8 C=CODE    S=_TEXT    G=(none)   M=D:\PRGPLUS\GIT\DESIGNER\SAMPLES\MODELOS\PROTOTIPOMYSQLSUPORTETRANSLATE\OBJ\PROTOTIPO.OBJ ACBP=A9
 0001:000008C4 00000084 C=CODE    S=_TEXT    G=(none)   M=D:\PRGPLUS\GIT\DESIGNER\SAMPLES\MODELOS\PROTOTIPOMYSQLSUPORTETRANSLATE\OBJ\FRMLOGIN.OBJ ACBP=A9
 0001:00000948 00000084 C=CODE    S=_TEXT    G=(none)   M=D:\PRGPLUS\GIT\DESIGNER\SAMPLES\MODELOS\PROTOTIPOMYSQLSUPORTETRANSLATE\OBJ\FRMOBJETO.OBJ ACBP=A9
 0001:000009CC 000000AC C=CODE    S=_TEXT    G=(none)   M=D:\PRGPLUS\GIT\DESIGNER\SAMPLES\MODELOS\PROTOTIPOMYSQLSUPORTETRANSLATE\OBJ\FRMUSUARIO.OBJ ACBP=A9
 0001:00000A78 00000034 C=CODE    S=_TEXT    G=(none)   M=D:\PRGPLUS\GIT\DESIGNER\SAMPLES\MODELOS\PROTOTIPOMYSQLSUPORTETRANSLATE\OBJ\INI.OBJ ACBP=A9
 0001:00000AAC 00000034 C=CODE    S=_TEXT    G=(none)   M=D:\PRGPLUS\GIT\DESIGNER\SAMPLES\MODELOS\PROTOTIPOMYSQLSUPORTETRANSLATE\OBJ\TRANSLATEUNIVERSAL.OBJ ACBP=A9
 0001:00000AE0 00000014 C=CODE    S=_TEXT    G=(none)   M=D:\PRGPLUS\GIT\DESIGNER\SAMPLES\MODELOS\PROTOTIPOMYSQLSUPORTETRANSLATE\OBJ\_HBMKAUT_PROTOTIPO.OBJ ACBP=A9
 0001:00000AF4 00001D5F C=CODE    S=_TEXT    G=(none)   M=D:\PRGPLUS\YOUTUBE\TESTE\IDE\TOOLS\ADDONS\ADDONS.LIB|FileReader ACBP=A9
 0001:00002854 0000ABDD C=CODE    S=_TEXT    G=(none)   M=D:\PRGPLUS\YOUTUBE\TESTE\IDE\TOOLS\ADDONS\ADDONS.LIB|PesquisaCrud ACBP=A9
 0001:0000D434 0001598E C=CODE    S=_TEXT    G=(none)   M=D:\PRGPLUS\YOUTUBE\TESTE\IDE\TOOLS\ADDONS\ADDONS.LIB|tmysqlIma ACBP=A9
 0001:00022DC4 0000004E C=CODE    S=_TEXT    G=(none)   M=D:\PRGPLUS\YOUTUBE\TESTE\IDE\TOOLS\ADDONS\ADDONS.LIB|DesignerVersion ACBP=A9
 0001:00022E14 0000BB70 C=CODE    S=_TEXT    G=(none)   M=D:\PRGPLUS\YOUTUBE\TESTE\IDE\TOOLS\ADDONS\ADDONS.LIB|comuns ACBP=A9
 0001:0002E984 0000019C C=CODE    S=_TEXT    G=(none)   M=D:\PRGPLUS\YOUTUBE\TESTE\IDE\TOOLS\MINIGUI\LIB\MINIGUI.LIB|ErrorSys ACBP=A9
 0001:0002EB20 000008B3 C=CODE    S=_TEXT    G=(none)   M=D:\PRGPLUS\YOUTUBE\TESTE\IDE\TOOLS\MINIGUI\LIB\MINIGUI.LIB|h_activex ACBP=A9
 0001:0002F3D4 00000174 C=CODE    S=_TEXT    G=(none)   M=D:\PRGPLUS\YOUTUBE\TESTE\IDE\TOOLS\MINIGUI\LIB\MINIGUI.LIB|h_alert ACBP=A9
 0001:0002F548 00000344 C=CODE    S=_TEXT    G=(none)   M=D:\PRGPLUS\YOUTUBE\TESTE\IDE\TOOLS\MINIGUI\LIB\MINIGUI.LIB|h_browse ACBP=A9
 0001:0002F88C 0000005C C=CODE    S=_TEXT    G=(none)   M=D:\PRGPLUS\YOUTUBE\TESTE\IDE\TOOLS\MINIGUI\LIB\MINIGUI.LIB|h_btntextbox ACBP=A9
 0001:0002F8E8 0000005C C=CODE    S=_TEXT    G=(none)   M=D:\PRGPLUS\YOUTUBE\TESTE\IDE\TOOLS\MINIGUI\LIB\MINIGUI.LIB|h_button ACBP=A9
 0001:0002F944 00000138 C=CODE    S=_TEXT    G=(none)   M=D:\PRGPLUS\YOUTUBE\TESTE\IDE\TOOLS\MINIGUI\LIB\MINIGUI.LIB|h_buttonex ACBP=A9
 0001:0002FA7C 00000070 C=CODE    S=_TEXT    G=(none)   M=D:\PRGPLUS\YOUTUBE\TESTE\IDE\TOOLS\MINIGUI\LIB\MINIGUI.LIB|h_checkbox ACBP=A9
 0001:0002FAEC 0000012A C=CODE    S=_TEXT    G=(none)   M=D:\PRGPLUS\YOUTUBE\TESTE\IDE\TOOLS\MINIGUI\LIB\MINIGUI.LIB|h_checkres ACBP=A9
 0001:0002FC18 00000084 C=CODE    S=_TEXT    G=(none)   M=D:\PRGPLUS\YOUTUBE\TESTE\IDE\TOOLS\MINIGUI\LIB\MINIGUI.LIB|h_chklabel ACBP=A9
 0001:0002FC9C 0000005C C=CODE    S=_TEXT    G=(none)   M=D:\PRGPLUS\YOUTUBE\TESTE\IDE\TOOLS\MINIGUI\LIB\MINIGUI.LIB|h_combo ACBP=A9
 0001:0002FCF8 00000034 C=CODE    S=_TEXT    G=(none)   M=D:\PRGPLUS\YOUTUBE\TESTE\IDE\TOOLS\MINIGUI\LIB\MINIGUI.LIB|h_comboex ACBP=A9
 0001:0002FD2C 00000B50 C=CODE    S=_TEXT    G=(none)   M=D:\PRGPLUS\YOUTUBE\TESTE\IDE\TOOLS\MINIGUI\LIB\MINIGUI.LIB|h_controlmisc ACBP=A9
 0001:0003087C 00000084 C=CODE    S=_TEXT    G=(none)   M=D:\PRGPLUS\YOUTUBE\TESTE\IDE\TOOLS\MINIGUI\LIB\MINIGUI.LIB|h_datepicker ACBP=A9
 0001:00030900 00000098 C=CODE    S=_TEXT    G=(none)   M=D:\PRGPLUS\YOUTUBE\TESTE\IDE\TOOLS\MINIGUI\LIB\MINIGUI.LIB|h_dialogs ACBP=A9
 0001:00030998 00000138 C=CODE    S=_TEXT    G=(none)   M=D:\PRGPLUS\YOUTUBE\TESTE\IDE\TOOLS\MINIGUI\LIB\MINIGUI.LIB|h_draw ACBP=A9
 0001:00030AD0 0000005C C=CODE    S=_TEXT    G=(none)   M=D:\PRGPLUS\YOUTUBE\TESTE\IDE\TOOLS\MINIGUI\LIB\MINIGUI.LIB|h_editbox ACBP=A9
 0001:00030B2C 00000098 C=CODE    S=_TEXT    G=(none)   M=D:\PRGPLUS\YOUTUBE\TESTE\IDE\TOOLS\MINIGUI\LIB\MINIGUI.LIB|h_error ACBP=A9
 0001:00030BC4 00000204 C=CODE    S=_TEXT    G=(none)   M=D:\PRGPLUS\YOUTUBE\TESTE\IDE\TOOLS\MINIGUI\LIB\MINIGUI.LIB|h_events ACBP=A9
 0001:00030DC8 00000084 C=CODE    S=_TEXT    G=(none)   M=D:\PRGPLUS\YOUTUBE\TESTE\IDE\TOOLS\MINIGUI\LIB\MINIGUI.LIB|h_filename ACBP=A9
 0001:00030E4C 000000D4 C=CODE    S=_TEXT    G=(none)   M=D:\PRGPLUS\YOUTUBE\TESTE\IDE\TOOLS\MINIGUI\LIB\MINIGUI.LIB|h_font ACBP=A9
 0001:00030F20 00000048 C=CODE    S=_TEXT    G=(none)   M=D:\PRGPLUS\YOUTUBE\TESTE\IDE\TOOLS\MINIGUI\LIB\MINIGUI.LIB|h_frame ACBP=A9
 0001:00030F68 000004FC C=CODE    S=_TEXT    G=(none)   M=D:\PRGPLUS\YOUTUBE\TESTE\IDE\TOOLS\MINIGUI\LIB\MINIGUI.LIB|h_getbox ACBP=A9
 0001:00031464 00000174 C=CODE    S=_TEXT    G=(none)   M=D:\PRGPLUS\YOUTUBE\TESTE\IDE\TOOLS\MINIGUI\LIB\MINIGUI.LIB|h_Gif89 ACBP=A9
 0001:000315D8 000006E7 C=CODE    S=_TEXT    G=(none)   M=D:\PRGPLUS\YOUTUBE\TESTE\IDE\TOOLS\MINIGUI\LIB\MINIGUI.LIB|h_gradient ACBP=A9
 0001:00031CC0 00000330 C=CODE    S=_TEXT    G=(none)   M=D:\PRGPLUS\YOUTUBE\TESTE\IDE\TOOLS\MINIGUI\LIB\MINIGUI.LIB|h_grid ACBP=A9
 0001:00031FF0 000000AC C=CODE    S=_TEXT    G=(none)   M=D:\PRGPLUS\YOUTUBE\TESTE\IDE\TOOLS\MINIGUI\LIB\MINIGUI.LIB|h_hotkey ACBP=A9
 0001:0003209C 00000048 C=CODE    S=_TEXT    G=(none)   M=D:\PRGPLUS\YOUTUBE\TESTE\IDE\TOOLS\MINIGUI\LIB\MINIGUI.LIB|h_hyperlink ACBP=A9
 0001:000320E4 00000084 C=CODE    S=_TEXT    G=(none)   M=D:\PRGPLUS\YOUTUBE\TESTE\IDE\TOOLS\MINIGUI\LIB\MINIGUI.LIB|h_image ACBP=A9
 0001:00032168 00000098 C=CODE    S=_TEXT    G=(none)   M=D:\PRGPLUS\YOUTUBE\TESTE\IDE\TOOLS\MINIGUI\LIB\MINIGUI.LIB|h_imagelist ACBP=A9
 0001:00032200 00000188 C=CODE    S=_TEXT    G=(none)   M=D:\PRGPLUS\YOUTUBE\TESTE\IDE\TOOLS\MINIGUI\LIB\MINIGUI.LIB|h_ini ACBP=A9
 0001:00032388 000000AC C=CODE    S=_TEXT    G=(none)   M=D:\PRGPLUS\YOUTUBE\TESTE\IDE\TOOLS\MINIGUI\LIB\MINIGUI.LIB|h_init ACBP=A9
 0001:00032434 0000005C C=CODE    S=_TEXT    G=(none)   M=D:\PRGPLUS\YOUTUBE\TESTE\IDE\TOOLS\MINIGUI\LIB\MINIGUI.LIB|h_label ACBP=A9
 0001:00032490 0000005C C=CODE    S=_TEXT    G=(none)   M=D:\PRGPLUS\YOUTUBE\TESTE\IDE\TOOLS\MINIGUI\LIB\MINIGUI.LIB|h_listbox ACBP=A9
 0001:000324EC 00000278 C=CODE    S=_TEXT    G=(none)   M=D:\PRGPLUS\YOUTUBE\TESTE\IDE\TOOLS\MINIGUI\LIB\MINIGUI.LIB|h_menu ACBP=A9
 0001:00032764 00000178 C=CODE    S=_TEXT    G=(none)   M=D:\PRGPLUS\YOUTUBE\TESTE\IDE\TOOLS\MINIGUI\LIB\MINIGUI.LIB|h_misc ACBP=A9
 0001:000328DC 000000AC C=CODE    S=_TEXT    G=(none)   M=D:\PRGPLUS\YOUTUBE\TESTE\IDE\TOOLS\MINIGUI\LIB\MINIGUI.LIB|h_monthcal ACBP=A9
 0001:00032988 000000D4 C=CODE    S=_TEXT    G=(none)   M=D:\PRGPLUS\YOUTUBE\TESTE\IDE\TOOLS\MINIGUI\LIB\MINIGUI.LIB|h_msgbox ACBP=A9
 0001:00032A5C 000004C0 C=CODE    S=_TEXT    G=(none)   M=D:\PRGPLUS\YOUTUBE\TESTE\IDE\TOOLS\MINIGUI\LIB\MINIGUI.LIB|h_objects ACBP=A9
 0001:00032F1C 00000324 C=CODE    S=_TEXT    G=(none)   M=D:\PRGPLUS\YOUTUBE\TESTE\IDE\TOOLS\MINIGUI\LIB\MINIGUI.LIB|h_objmisc ACBP=A9
 0001:00033240 00000034 C=CODE    S=_TEXT    G=(none)   M=D:\PRGPLUS\YOUTUBE\TESTE\IDE\TOOLS\MINIGUI\LIB\MINIGUI.LIB|h_owntab ACBP=A9
 0001:00033274 00000428 C=CODE    S=_TEXT    G=(none)   M=D:\PRGPLUS\YOUTUBE\TESTE\IDE\TOOLS\MINIGUI\LIB\MINIGUI.LIB|h_progresswheel ACBP=A9
 0001:0003369C 00000048 C=CODE    S=_TEXT    G=(none)   M=D:\PRGPLUS\YOUTUBE\TESTE\IDE\TOOLS\MINIGUI\LIB\MINIGUI.LIB|h_radio ACBP=A9
 0001:000336E4 00000173 C=CODE    S=_TEXT    G=(none)   M=D:\PRGPLUS\YOUTUBE\TESTE\IDE\TOOLS\MINIGUI\LIB\MINIGUI.LIB|h_registry ACBP=A9
 0001:00033858 00000098 C=CODE    S=_TEXT    G=(none)   M=D:\PRGPLUS\YOUTUBE\TESTE\IDE\TOOLS\MINIGUI\LIB\MINIGUI.LIB|h_richeditbox ACBP=A9
 0001:000338F0 00000110 C=CODE    S=_TEXT    G=(none)   M=D:\PRGPLUS\YOUTUBE\TESTE\IDE\TOOLS\MINIGUI\LIB\MINIGUI.LIB|h_richeditex ACBP=A9
 0001:00033A00 00000070 C=CODE    S=_TEXT    G=(none)   M=D:\PRGPLUS\YOUTUBE\TESTE\IDE\TOOLS\MINIGUI\LIB\MINIGUI.LIB|h_savepdf ACBP=A9
 0001:00033A70 00000048 C=CODE    S=_TEXT    G=(none)   M=D:\PRGPLUS\YOUTUBE\TESTE\IDE\TOOLS\MINIGUI\LIB\MINIGUI.LIB|h_spinner ACBP=A9
 0001:00033AB8 00000124 C=CODE    S=_TEXT    G=(none)   M=D:\PRGPLUS\YOUTUBE\TESTE\IDE\TOOLS\MINIGUI\LIB\MINIGUI.LIB|h_status ACBP=A9
 0001:00033BDC 00000110 C=CODE    S=_TEXT    G=(none)   M=D:\PRGPLUS\YOUTUBE\TESTE\IDE\TOOLS\MINIGUI\LIB\MINIGUI.LIB|h_tab ACBP=A9
 0001:00033CEC 00000138 C=CODE    S=_TEXT    G=(none)   M=D:\PRGPLUS\YOUTUBE\TESTE\IDE\TOOLS\MINIGUI\LIB\MINIGUI.LIB|h_textbox ACBP=A9
 0001:00033E24 00000034 C=CODE    S=_TEXT    G=(none)   M=D:\PRGPLUS\YOUTUBE\TESTE\IDE\TOOLS\MINIGUI\LIB\MINIGUI.LIB|h_timer ACBP=A9
 0001:00033E58 000000C0 C=CODE    S=_TEXT    G=(none)   M=D:\PRGPLUS\YOUTUBE\TESTE\IDE\TOOLS\MINIGUI\LIB\MINIGUI.LIB|h_toolbar ACBP=A9
 0001:00033F18 000001C4 C=CODE    S=_TEXT    G=(none)   M=D:\PRGPLUS\YOUTUBE\TESTE\IDE\TOOLS\MINIGUI\LIB\MINIGUI.LIB|h_tree ACBP=A9
 0001:000340DC 0000005C C=CODE    S=_TEXT    G=(none)   M=D:\PRGPLUS\YOUTUBE\TESTE\IDE\TOOLS\MINIGUI\LIB\MINIGUI.LIB|h_winapimisc ACBP=A9
 0001:00034138 00000560 C=CODE    S=_TEXT    G=(none)   M=D:\PRGPLUS\YOUTUBE\TESTE\IDE\TOOLS\MINIGUI\LIB\MINIGUI.LIB|h_windows ACBP=A9
 0001:00034698 00000174 C=CODE    S=_TEXT    G=(none)   M=D:\PRGPLUS\YOUTUBE\TESTE\IDE\TOOLS\MINIGUI\LIB\MINIGUI.LIB|h_windowsMDI ACBP=A9
 0001:0003480C 00000084 C=CODE    S=_TEXT    G=(none)   M=D:\PRGPLUS\YOUTUBE\TESTE\IDE\TOOLS\MINIGUI\LIB\MINIGUI.LIB|h_winprop ACBP=A9
 0001:00034890 000016FC C=CODE    S=_TEXT    G=(none)   M=D:\PRGPLUS\YOUTUBE\TESTE\IDE\TOOLS\MINIGUI\LIB\MINIGUI.LIB|c_bitmap ACBP=A9
 0001:00035F8C 00000268 C=CODE    S=_TEXT    G=(none)   M=D:\PRGPLUS\YOUTUBE\TESTE\IDE\TOOLS\MINIGUI\LIB\MINIGUI.LIB|c_browse ACBP=A9
 0001:000361F4 00000951 C=CODE    S=_TEXT    G=(none)   M=D:\PRGPLUS\YOUTUBE\TESTE\IDE\TOOLS\MINIGUI\LIB\MINIGUI.LIB|c_btntextbox ACBP=A9
 0001:00036B48 0000111D C=CODE    S=_TEXT    G=(none)   M=D:\PRGPLUS\YOUTUBE\TESTE\IDE\TOOLS\MINIGUI\LIB\MINIGUI.LIB|c_button ACBP=A9
 0001:00037C68 000002BB C=CODE    S=_TEXT    G=(none)   M=D:\PRGPLUS\YOUTUBE\TESTE\IDE\TOOLS\MINIGUI\LIB\MINIGUI.LIB|c_checkbox ACBP=A9
 0001:00037F24 00000982 C=CODE    S=_TEXT    G=(none)   M=D:\PRGPLUS\YOUTUBE\TESTE\IDE\TOOLS\MINIGUI\LIB\MINIGUI.LIB|c_chklabel ACBP=A9
 0001:000388A8 0000066D C=CODE    S=_TEXT    G=(none)   M=D:\PRGPLUS\YOUTUBE\TESTE\IDE\TOOLS\MINIGUI\LIB\MINIGUI.LIB|c_chklistbox ACBP=A9
 0001:00038F18 0000065E C=CODE    S=_TEXT    G=(none)   M=D:\PRGPLUS\YOUTUBE\TESTE\IDE\TOOLS\MINIGUI\LIB\MINIGUI.LIB|c_combo ACBP=A9
 0001:00039578 0000043D C=CODE    S=_TEXT    G=(none)   M=D:\PRGPLUS\YOUTUBE\TESTE\IDE\TOOLS\MINIGUI\LIB\MINIGUI.LIB|c_controlmisc ACBP=A9
 0001:000399B8 000000FB C=CODE    S=_TEXT    G=(none)   M=D:\PRGPLUS\YOUTUBE\TESTE\IDE\TOOLS\MINIGUI\LIB\MINIGUI.LIB|c_cuebanner ACBP=A9
 0001:00039AB4 0000015E C=CODE    S=_TEXT    G=(none)   M=D:\PRGPLUS\YOUTUBE\TESTE\IDE\TOOLS\MINIGUI\LIB\MINIGUI.LIB|c_cursor ACBP=A9
 0001:00039C14 00000997 C=CODE    S=_TEXT    G=(none)   M=D:\PRGPLUS\YOUTUBE\TESTE\IDE\TOOLS\MINIGUI\LIB\MINIGUI.LIB|c_datepicker ACBP=A9
 0001:0003A5AC 00000984 C=CODE    S=_TEXT    G=(none)   M=D:\PRGPLUS\YOUTUBE\TESTE\IDE\TOOLS\MINIGUI\LIB\MINIGUI.LIB|c_dialog ACBP=A9
 0001:0003AF30 00000640 C=CODE    S=_TEXT    G=(none)   M=D:\PRGPLUS\YOUTUBE\TESTE\IDE\TOOLS\MINIGUI\LIB\MINIGUI.LIB|c_dialogs ACBP=A9
 0001:0003B570 0000072E C=CODE    S=_TEXT    G=(none)   M=D:\PRGPLUS\YOUTUBE\TESTE\IDE\TOOLS\MINIGUI\LIB\MINIGUI.LIB|c_draw ACBP=A9
 0001:0003BCA0 000000A3 C=CODE    S=_TEXT    G=(none)   M=D:\PRGPLUS\YOUTUBE\TESTE\IDE\TOOLS\MINIGUI\LIB\MINIGUI.LIB|c_error ACBP=A9
 0001:0003BD44 0000010D C=CODE    S=_TEXT    G=(none)   M=D:\PRGPLUS\YOUTUBE\TESTE\IDE\TOOLS\MINIGUI\LIB\MINIGUI.LIB|c_editbox ACBP=A9
 0001:0003BE54 00000501 C=CODE    S=_TEXT    G=(none)   M=D:\PRGPLUS\YOUTUBE\TESTE\IDE\TOOLS\MINIGUI\LIB\MINIGUI.LIB|c_font ACBP=A9
 0001:0003C358 000000B2 C=CODE    S=_TEXT    G=(none)   M=D:\PRGPLUS\YOUTUBE\TESTE\IDE\TOOLS\MINIGUI\LIB\MINIGUI.LIB|c_frame ACBP=A9
 0001:0003C40C 00000BF9 C=CODE    S=_TEXT    G=(none)   M=D:\PRGPLUS\YOUTUBE\TESTE\IDE\TOOLS\MINIGUI\LIB\MINIGUI.LIB|c_getbox ACBP=A9
 0001:0003D008 00000DF0 C=CODE    S=_TEXT    G=(none)   M=D:\PRGPLUS\YOUTUBE\TESTE\IDE\TOOLS\MINIGUI\LIB\MINIGUI.LIB|c_graph ACBP=A9
 0001:0003DDF8 0000197D C=CODE    S=_TEXT    G=(none)   M=D:\PRGPLUS\YOUTUBE\TESTE\IDE\TOOLS\MINIGUI\LIB\MINIGUI.LIB|c_grid ACBP=A9
 0001:0003F778 00000091 C=CODE    S=_TEXT    G=(none)   M=D:\PRGPLUS\YOUTUBE\TESTE\IDE\TOOLS\MINIGUI\LIB\MINIGUI.LIB|c_help ACBP=A9
 0001:0003F80C 00000281 C=CODE    S=_TEXT    G=(none)   M=D:\PRGPLUS\YOUTUBE\TESTE\IDE\TOOLS\MINIGUI\LIB\MINIGUI.LIB|c_hmgapp ACBP=A9
 0001:0003FA90 00000053 C=CODE    S=_TEXT    G=(none)   M=D:\PRGPLUS\YOUTUBE\TESTE\IDE\TOOLS\MINIGUI\LIB\MINIGUI.LIB|c_hotkey ACBP=A9
 0001:0003FAE4 0000025E C=CODE    S=_TEXT    G=(none)   M=D:\PRGPLUS\YOUTUBE\TESTE\IDE\TOOLS\MINIGUI\LIB\MINIGUI.LIB|c_hotkeybox ACBP=A9
 0001:0003FD44 0000036B C=CODE    S=_TEXT    G=(none)   M=D:\PRGPLUS\YOUTUBE\TESTE\IDE\TOOLS\MINIGUI\LIB\MINIGUI.LIB|c_icon ACBP=A9
 0001:000400B0 0000189B C=CODE    S=_TEXT    G=(none)   M=D:\PRGPLUS\YOUTUBE\TESTE\IDE\TOOLS\MINIGUI\LIB\MINIGUI.LIB|c_image ACBP=A9
 0001:0004194C 0000051A C=CODE    S=_TEXT    G=(none)   M=D:\PRGPLUS\YOUTUBE\TESTE\IDE\TOOLS\MINIGUI\LIB\MINIGUI.LIB|c_imagelist ACBP=A9
 0001:00041E68 0000033B C=CODE    S=_TEXT    G=(none)   M=D:\PRGPLUS\YOUTUBE\TESTE\IDE\TOOLS\MINIGUI\LIB\MINIGUI.LIB|c_ini ACBP=A9
 0001:000421A4 00000183 C=CODE    S=_TEXT    G=(none)   M=D:\PRGPLUS\YOUTUBE\TESTE\IDE\TOOLS\MINIGUI\LIB\MINIGUI.LIB|c_ipaddress ACBP=A9
 0001:00042328 00000297 C=CODE    S=_TEXT    G=(none)   M=D:\PRGPLUS\YOUTUBE\TESTE\IDE\TOOLS\MINIGUI\LIB\MINIGUI.LIB|c_label ACBP=A9
 0001:000425C0 00000565 C=CODE    S=_TEXT    G=(none)   M=D:\PRGPLUS\YOUTUBE\TESTE\IDE\TOOLS\MINIGUI\LIB\MINIGUI.LIB|c_listbox ACBP=A9
 0001:00042B28 000005DC C=CODE    S=_TEXT    G=(none)   M=D:\PRGPLUS\YOUTUBE\TESTE\IDE\TOOLS\MINIGUI\LIB\MINIGUI.LIB|c_media ACBP=A9
 0001:00043104 000022B0 C=CODE    S=_TEXT    G=(none)   M=D:\PRGPLUS\YOUTUBE\TESTE\IDE\TOOLS\MINIGUI\LIB\MINIGUI.LIB|c_menu ACBP=A9
 0001:000453B4 000006C3 C=CODE    S=_TEXT    G=(none)   M=D:\PRGPLUS\YOUTUBE\TESTE\IDE\TOOLS\MINIGUI\LIB\MINIGUI.LIB|c_monthcal ACBP=A9
 0001:00045A78 00000259 C=CODE    S=_TEXT    G=(none)   M=D:\PRGPLUS\YOUTUBE\TESTE\IDE\TOOLS\MINIGUI\LIB\MINIGUI.LIB|c_msgbox ACBP=A9
 0001:00045CD4 00000312 C=CODE    S=_TEXT    G=(none)   M=D:\PRGPLUS\YOUTUBE\TESTE\IDE\TOOLS\MINIGUI\LIB\MINIGUI.LIB|c_pager ACBP=A9
 0001:00045FE8 00000115 C=CODE    S=_TEXT    G=(none)   M=D:\PRGPLUS\YOUTUBE\TESTE\IDE\TOOLS\MINIGUI\LIB\MINIGUI.LIB|c_radio ACBP=A9
 0001:00046100 0000040A C=CODE    S=_TEXT    G=(none)   M=D:\PRGPLUS\YOUTUBE\TESTE\IDE\TOOLS\MINIGUI\LIB\MINIGUI.LIB|c_registry ACBP=A9
 0001:0004650C 0000030F C=CODE    S=_TEXT    G=(none)   M=D:\PRGPLUS\YOUTUBE\TESTE\IDE\TOOLS\MINIGUI\LIB\MINIGUI.LIB|c_resource ACBP=A9
 0001:0004681C 0000078E C=CODE    S=_TEXT    G=(none)   M=D:\PRGPLUS\YOUTUBE\TESTE\IDE\TOOLS\MINIGUI\LIB\MINIGUI.LIB|c_richeditbox ACBP=A9
 0001:00046FAC 00001CAC C=CODE    S=_TEXT    G=(none)   M=D:\PRGPLUS\YOUTUBE\TESTE\IDE\TOOLS\MINIGUI\LIB\MINIGUI.LIB|c_richeditex ACBP=A9
 0001:00048C58 000002A8 C=CODE    S=_TEXT    G=(none)   M=D:\PRGPLUS\YOUTUBE\TESTE\IDE\TOOLS\MINIGUI\LIB\MINIGUI.LIB|c_spinner ACBP=A9
 0001:00048F00 0000072B C=CODE    S=_TEXT    G=(none)   M=D:\PRGPLUS\YOUTUBE\TESTE\IDE\TOOLS\MINIGUI\LIB\MINIGUI.LIB|c_status ACBP=A9
 0001:0004962C 000003A2 C=CODE    S=_TEXT    G=(none)   M=D:\PRGPLUS\YOUTUBE\TESTE\IDE\TOOLS\MINIGUI\LIB\MINIGUI.LIB|c_tab ACBP=A9
 0001:000499D0 00000426 C=CODE    S=_TEXT    G=(none)   M=D:\PRGPLUS\YOUTUBE\TESTE\IDE\TOOLS\MINIGUI\LIB\MINIGUI.LIB|c_textbox ACBP=A9
 0001:00049DF8 0000004B C=CODE    S=_TEXT    G=(none)   M=D:\PRGPLUS\YOUTUBE\TESTE\IDE\TOOLS\MINIGUI\LIB\MINIGUI.LIB|c_timer ACBP=A9
 0001:00049E44 000018F2 C=CODE    S=_TEXT    G=(none)   M=D:\PRGPLUS\YOUTUBE\TESTE\IDE\TOOLS\MINIGUI\LIB\MINIGUI.LIB|c_toolbar ACBP=A9
 0001:0004B738 00000FD9 C=CODE    S=_TEXT    G=(none)   M=D:\PRGPLUS\YOUTUBE\TESTE\IDE\TOOLS\MINIGUI\LIB\MINIGUI.LIB|c_tooltip ACBP=A9
 0001:0004C714 00000C16 C=CODE    S=_TEXT    G=(none)   M=D:\PRGPLUS\YOUTUBE\TESTE\IDE\TOOLS\MINIGUI\LIB\MINIGUI.LIB|c_tree ACBP=A9
 0001:0004D32C 000020C9 C=CODE    S=_TEXT    G=(none)   M=D:\PRGPLUS\YOUTUBE\TESTE\IDE\TOOLS\MINIGUI\LIB\MINIGUI.LIB|c_winapimisc ACBP=A9
 0001:0004F3F8 00001BEE C=CODE    S=_TEXT    G=(none)   M=D:\PRGPLUS\YOUTUBE\TESTE\IDE\TOOLS\MINIGUI\LIB\MINIGUI.LIB|c_windows ACBP=A9
 0001:00050FE8 00001E7D C=CODE    S=_TEXT    G=(none)   M=D:\PRGPLUS\YOUTUBE\TESTE\IDE\TOOLS\MINIGUI\LIB\MINIGUI.LIB|c_windowsAPI ACBP=A9
 0001:00052E68 0000032B C=CODE    S=_TEXT    G=(none)   M=D:\PRGPLUS\YOUTUBE\TESTE\IDE\TOOLS\MINIGUI\LIB\MINIGUI.LIB|c_windowsCLS ACBP=A9
 0001:00053194 00000778 C=CODE    S=_TEXT    G=(none)   M=D:\PRGPLUS\YOUTUBE\TESTE\IDE\TOOLS\MINIGUI\LIB\MINIGUI.LIB|c_windowsMDI ACBP=A9
 0001:0005390C 000005A1 C=CODE    S=_TEXT    G=(none)   M=D:\PRGPLUS\YOUTUBE\TESTE\IDE\TOOLS\MINIGUI\LIB\MINIGUI.LIB|c_winprop ACBP=A9
 0001:00053EB0 0000065D C=CODE    S=_TEXT    G=(none)   M=D:\PRGPLUS\YOUTUBE\TESTE\IDE\TOOLS\MINIGUI\LIB\MINIGUI.LIB|c_winxp ACBP=A9
 0001:00054510 00000335 C=CODE    S=_TEXT    G=(none)   M=D:\PRGPLUS\YOUTUBE\TESTE\IDE\TOOLS\MINIGUI\LIB\MINIGUI.LIB|hbgdiplus ACBP=A9
 0001:00054848 00002DA4 C=CODE    S=_TEXT    G=(none)   M=D:\PRGPLUS\YOUTUBE\TESTE\IDE\TOOLS\MINIGUI\LIB\MINIPRINT2.LIB|miniprint2 ACBP=A9
 0001:000575EC 00000034 C=CODE    S=_TEXT    G=(none)   M=D:\PRGPLUS\YOUTUBE\TESTE\IDE\TOOLS\MINIGUI\LIB\MINIPRINT2.LIB|localize ACBP=A9
 0001:00057620 000006A0 C=CODE    S=_TEXT    G=(none)   M=D:\PRGPLUS\YOUTUBE\TESTE\IDE\TOOLS\HARBOUR\LIB\BOSTAURUS.LIB|h_Bostaurus ACBP=A9
 0001:00057CC0 00004A8C C=CODE    S=_TEXT    G=(none)   M=D:\PRGPLUS\YOUTUBE\TESTE\IDE\TOOLS\HARBOUR\LIB\BOSTAURUS.LIB|c_BosTaurus ACBP=A9
 0001:0005C74C 0000166A C=CODE    S=_TEXT    G=(none)   M=D:\PRGPLUS\YOUTUBE\TESTE\IDE\TOOLS\HARBOUR\LIB\LIBHPDF.LIB|hpdf_annotation ACBP=A9
 0001:0005DDB8 00000556 C=CODE    S=_TEXT    G=(none)   M=D:\PRGPLUS\YOUTUBE\TESTE\IDE\TOOLS\HARBOUR\LIB\LIBHPDF.LIB|hpdf_array ACBP=A9
 0001:0005E310 000001A7 C=CODE    S=_TEXT    G=(none)   M=D:\PRGPLUS\YOUTUBE\TESTE\IDE\TOOLS\HARBOUR\LIB\LIBHPDF.LIB|hpdf_binary ACBP=A9
 0001:0005E4B8 00000067 C=CODE    S=_TEXT    G=(none)   M=D:\PRGPLUS\YOUTUBE\TESTE\IDE\TOOLS\HARBOUR\LIB\LIBHPDF.LIB|hpdf_boolean ACBP=A9
 0001:0005E520 00000623 C=CODE    S=_TEXT    G=(none)   M=D:\PRGPLUS\YOUTUBE\TESTE\IDE\TOOLS\HARBOUR\LIB\LIBHPDF.LIB|hpdf_catalog ACBP=A9
 0001:0005EB44 00000577 C=CODE    S=_TEXT    G=(none)   M=D:\PRGPLUS\YOUTUBE\TESTE\IDE\TOOLS\HARBOUR\LIB\LIBHPDF.LIB|hpdf_destination ACBP=A9
 0001:0005F0BC 00000937 C=CODE    S=_TEXT    G=(none)   M=D:\PRGPLUS\YOUTUBE\TESTE\IDE\TOOLS\HARBOUR\LIB\LIBHPDF.LIB|hpdf_dict ACBP=A9
 0001:0005F9F4 00000133 C=CODE    S=_TEXT    G=(none)   M=D:\PRGPLUS\YOUTUBE\TESTE\IDE\TOOLS\HARBOUR\LIB\LIBHPDF.LIB|hpdf_direct ACBP=A9
 0001:0005FB28 0000020C C=CODE    S=_TEXT    G=(none)   M=D:\PRGPLUS\YOUTUBE\TESTE\IDE\TOOLS\HARBOUR\LIB\LIBHPDF.LIB|hpdf_doc_png ACBP=A9
 0001:0005FD34 00002611 C=CODE    S=_TEXT    G=(none)   M=D:\PRGPLUS\YOUTUBE\TESTE\IDE\TOOLS\HARBOUR\LIB\LIBHPDF.LIB|hpdf_doc ACBP=A9
 0001:00062348 00000CF8 C=CODE    S=_TEXT    G=(none)   M=D:\PRGPLUS\YOUTUBE\TESTE\IDE\TOOLS\HARBOUR\LIB\LIBHPDF.LIB|hpdf_encoder ACBP=A9
 0001:00063040 000011F2 C=CODE    S=_TEXT    G=(none)   M=D:\PRGPLUS\YOUTUBE\TESTE\IDE\TOOLS\HARBOUR\LIB\LIBHPDF.LIB|hpdf_encrypt ACBP=A9
 0001:00064234 00000457 C=CODE    S=_TEXT    G=(none)   M=D:\PRGPLUS\YOUTUBE\TESTE\IDE\TOOLS\HARBOUR\LIB\LIBHPDF.LIB|hpdf_encryptdict ACBP=A9
 0001:0006468C 000000D1 C=CODE    S=_TEXT    G=(none)   M=D:\PRGPLUS\YOUTUBE\TESTE\IDE\TOOLS\HARBOUR\LIB\LIBHPDF.LIB|hpdf_error ACBP=A9
 0001:00064760 000001CE C=CODE    S=_TEXT    G=(none)   M=D:\PRGPLUS\YOUTUBE\TESTE\IDE\TOOLS\HARBOUR\LIB\LIBHPDF.LIB|hpdf_ext_gstate ACBP=A9
 0001:00064930 00001E3A C=CODE    S=_TEXT    G=(none)   M=D:\PRGPLUS\YOUTUBE\TESTE\IDE\TOOLS\HARBOUR\LIB\LIBHPDF.LIB|hpdf_font_cid ACBP=A9
 0001:0006676C 00000874 C=CODE    S=_TEXT    G=(none)   M=D:\PRGPLUS\YOUTUBE\TESTE\IDE\TOOLS\HARBOUR\LIB\LIBHPDF.LIB|hpdf_font_tt ACBP=A9
 0001:00066FE0 000008B8 C=CODE    S=_TEXT    G=(none)   M=D:\PRGPLUS\YOUTUBE\TESTE\IDE\TOOLS\HARBOUR\LIB\LIBHPDF.LIB|hpdf_font_type1 ACBP=A9
 0001:00067898 00000363 C=CODE    S=_TEXT    G=(none)   M=D:\PRGPLUS\YOUTUBE\TESTE\IDE\TOOLS\HARBOUR\LIB\LIBHPDF.LIB|hpdf_font ACBP=A9
 0001:00067BFC 0000013D C=CODE    S=_TEXT    G=(none)   M=D:\PRGPLUS\YOUTUBE\TESTE\IDE\TOOLS\HARBOUR\LIB\LIBHPDF.LIB|hpdf_fontdef_base14 ACBP=A9
 0001:00067D3C 000002AE C=CODE    S=_TEXT    G=(none)   M=D:\PRGPLUS\YOUTUBE\TESTE\IDE\TOOLS\HARBOUR\LIB\LIBHPDF.LIB|hpdf_fontdef_cid ACBP=A9
 0001:00067FEC 000035AE C=CODE    S=_TEXT    G=(none)   M=D:\PRGPLUS\YOUTUBE\TESTE\IDE\TOOLS\HARBOUR\LIB\LIBHPDF.LIB|hpdf_fontdef_tt ACBP=A9
 0001:0006B59C 00000C5D C=CODE    S=_TEXT    G=(none)   M=D:\PRGPLUS\YOUTUBE\TESTE\IDE\TOOLS\HARBOUR\LIB\LIBHPDF.LIB|hpdf_fontdef_type1 ACBP=A9
 0001:0006C1FC 00000075 C=CODE    S=_TEXT    G=(none)   M=D:\PRGPLUS\YOUTUBE\TESTE\IDE\TOOLS\HARBOUR\LIB\LIBHPDF.LIB|hpdf_fontdef ACBP=A9
 0001:0006C274 000002C9 C=CODE    S=_TEXT    G=(none)   M=D:\PRGPLUS\YOUTUBE\TESTE\IDE\TOOLS\HARBOUR\LIB\LIBHPDF.LIB|hpdf_gstate ACBP=A9
 0001:0006C540 00000CC5 C=CODE    S=_TEXT    G=(none)   M=D:\PRGPLUS\YOUTUBE\TESTE\IDE\TOOLS\HARBOUR\LIB\LIBHPDF.LIB|hpdf_image_ccitt ACBP=A9
 0001:0006D208 00000FFC C=CODE    S=_TEXT    G=(none)   M=D:\PRGPLUS\YOUTUBE\TESTE\IDE\TOOLS\HARBOUR\LIB\LIBHPDF.LIB|hpdf_image_png ACBP=A9
 0001:0006E204 00000F77 C=CODE    S=_TEXT    G=(none)   M=D:\PRGPLUS\YOUTUBE\TESTE\IDE\TOOLS\HARBOUR\LIB\LIBHPDF.LIB|hpdf_image ACBP=A9
 0001:0006F17C 00000301 C=CODE    S=_TEXT    G=(none)   M=D:\PRGPLUS\YOUTUBE\TESTE\IDE\TOOLS\HARBOUR\LIB\LIBHPDF.LIB|hpdf_info ACBP=A9
 0001:0006F480 00000268 C=CODE    S=_TEXT    G=(none)   M=D:\PRGPLUS\YOUTUBE\TESTE\IDE\TOOLS\HARBOUR\LIB\LIBHPDF.LIB|hpdf_list ACBP=A9
 0001:0006F6E8 000001C7 C=CODE    S=_TEXT    G=(none)   M=D:\PRGPLUS\YOUTUBE\TESTE\IDE\TOOLS\HARBOUR\LIB\LIBHPDF.LIB|hpdf_mmgr ACBP=A9
 0001:0006F8B0 000000EB C=CODE    S=_TEXT    G=(none)   M=D:\PRGPLUS\YOUTUBE\TESTE\IDE\TOOLS\HARBOUR\LIB\LIBHPDF.LIB|hpdf_name ACBP=A9
 0001:0006F99C 0000033A C=CODE    S=_TEXT    G=(none)   M=D:\PRGPLUS\YOUTUBE\TESTE\IDE\TOOLS\HARBOUR\LIB\LIBHPDF.LIB|hpdf_namedict ACBP=A9
 0001:0006FCD8 00000030 C=CODE    S=_TEXT    G=(none)   M=D:\PRGPLUS\YOUTUBE\TESTE\IDE\TOOLS\HARBOUR\LIB\LIBHPDF.LIB|hpdf_null ACBP=A9
 0001:0006FD08 0000005E C=CODE    S=_TEXT    G=(none)   M=D:\PRGPLUS\YOUTUBE\TESTE\IDE\TOOLS\HARBOUR\LIB\LIBHPDF.LIB|hpdf_number ACBP=A9
 0001:0006FD68 0000027A C=CODE    S=_TEXT    G=(none)   M=D:\PRGPLUS\YOUTUBE\TESTE\IDE\TOOLS\HARBOUR\LIB\LIBHPDF.LIB|hpdf_objects ACBP=A9
 0001:0006FFE4 00000490 C=CODE    S=_TEXT    G=(none)   M=D:\PRGPLUS\YOUTUBE\TESTE\IDE\TOOLS\HARBOUR\LIB\LIBHPDF.LIB|hpdf_outline ACBP=A9
 0001:00070474 00000148 C=CODE    S=_TEXT    G=(none)   M=D:\PRGPLUS\YOUTUBE\TESTE\IDE\TOOLS\HARBOUR\LIB\LIBHPDF.LIB|hpdf_page_label ACBP=A9
 0001:000705BC 00004650 C=CODE    S=_TEXT    G=(none)   M=D:\PRGPLUS\YOUTUBE\TESTE\IDE\TOOLS\HARBOUR\LIB\LIBHPDF.LIB|hpdf_page_operator ACBP=A9
 0001:00074C0C 00002A68 C=CODE    S=_TEXT    G=(none)   M=D:\PRGPLUS\YOUTUBE\TESTE\IDE\TOOLS\HARBOUR\LIB\LIBHPDF.LIB|hpdf_pages ACBP=A9
 0001:00077674 000000BC C=CODE    S=_TEXT    G=(none)   M=D:\PRGPLUS\YOUTUBE\TESTE\IDE\TOOLS\HARBOUR\LIB\LIBHPDF.LIB|hpdf_real ACBP=A9
 0001:00077730 00001541 C=CODE    S=_TEXT    G=(none)   M=D:\PRGPLUS\YOUTUBE\TESTE\IDE\TOOLS\HARBOUR\LIB\LIBHPDF.LIB|hpdf_streams ACBP=A9
 0001:00078C74 000003CC C=CODE    S=_TEXT    G=(none)   M=D:\PRGPLUS\YOUTUBE\TESTE\IDE\TOOLS\HARBOUR\LIB\LIBHPDF.LIB|hpdf_string ACBP=A9
 0001:00079040 00001728 C=CODE    S=_TEXT    G=(none)   M=D:\PRGPLUS\YOUTUBE\TESTE\IDE\TOOLS\HARBOUR\LIB\LIBHPDF.LIB|hpdf_u3d ACBP=A9
 0001:0007A768 0000069A C=CODE    S=_TEXT    G=(none)   M=D:\PRGPLUS\YOUTUBE\TESTE\IDE\TOOLS\HARBOUR\LIB\LIBHPDF.LIB|hpdf_utils ACBP=A9
 0001:0007AE04 000005FF C=CODE    S=_TEXT    G=(none)   M=D:\PRGPLUS\YOUTUBE\TESTE\IDE\TOOLS\HARBOUR\LIB\LIBHPDF.LIB|hpdf_xref ACBP=A9
 0001:0007B404 000003D2 C=CODE    S=_TEXT    G=(none)   M=D:\PRGPLUS\YOUTUBE\TESTE\IDE\TOOLS\HARBOUR\LIB\LIBHPDF.LIB|hpdf_3dmeasure ACBP=A9
 0001:0007B7D8 00000086 C=CODE    S=_TEXT    G=(none)   M=D:\PRGPLUS\YOUTUBE\TESTE\IDE\TOOLS\HARBOUR\LIB\LIBHPDF.LIB|hpdf_exdata ACBP=A9
 0001:0007B860 0000035E C=CODE    S=_TEXT    G=(none)   M=D:\PRGPLUS\YOUTUBE\TESTE\IDE\TOOLS\HARBOUR\LIB\LIBHPDF.LIB|hpdf_encoder_utf ACBP=A9
 0001:0007BBC0 000021FD C=CODE    S=_TEXT    G=(none)   M=D:\PRGPLUS\YOUTUBE\TESTE\IDE\TOOLS\HARBOUR\LIB\HBHPDF.LIB|core ACBP=A9
 0001:0007DDC0 000002AA C=CODE    S=_TEXT    G=(none)   M=D:\PRGPLUS\YOUTUBE\TESTE\IDE\TOOLS\HARBOUR\LIB\HBHPDF.LIB|image ACBP=A9
 0001:0007E06C 00003A93 C=CODE    S=_TEXT    G=(none)   M=D:\PRGPLUS\YOUTUBE\TESTE\IDE\TOOLS\HARBOUR\LIB\PNG.LIB|png ACBP=A9
 0001:00081B00 00000896 C=CODE    S=_TEXT    G=(none)   M=D:\PRGPLUS\YOUTUBE\TESTE\IDE\TOOLS\HARBOUR\LIB\PNG.LIB|pngerror ACBP=A9
 0001:00082398 00001029 C=CODE    S=_TEXT    G=(none)   M=D:\PRGPLUS\YOUTUBE\TESTE\IDE\TOOLS\HARBOUR\LIB\PNG.LIB|pngget ACBP=A9
 0001:000833C4 000002F2 C=CODE    S=_TEXT    G=(none)   M=D:\PRGPLUS\YOUTUBE\TESTE\IDE\TOOLS\HARBOUR\LIB\PNG.LIB|pngmem ACBP=A9
 0001:000836B8 0000431A C=CODE    S=_TEXT    G=(none)   M=D:\PRGPLUS\YOUTUBE\TESTE\IDE\TOOLS\HARBOUR\LIB\PNG.LIB|pngread ACBP=A9
 0001:000879D4 0000006B C=CODE    S=_TEXT    G=(none)   M=D:\PRGPLUS\YOUTUBE\TESTE\IDE\TOOLS\HARBOUR\LIB\PNG.LIB|pngrio ACBP=A9
 0001:00087A40 00005B53 C=CODE    S=_TEXT    G=(none)   M=D:\PRGPLUS\YOUTUBE\TESTE\IDE\TOOLS\HARBOUR\LIB\PNG.LIB|pngrtran ACBP=A9
 0001:0008D594 00004531 C=CODE    S=_TEXT    G=(none)   M=D:\PRGPLUS\YOUTUBE\TESTE\IDE\TOOLS\HARBOUR\LIB\PNG.LIB|pngrutil ACBP=A9
 0001:00091AC8 00001AC1 C=CODE    S=_TEXT    G=(none)   M=D:\PRGPLUS\YOUTUBE\TESTE\IDE\TOOLS\HARBOUR\LIB\PNG.LIB|pngset ACBP=A9
 0001:0009358C 000006AE C=CODE    S=_TEXT    G=(none)   M=D:\PRGPLUS\YOUTUBE\TESTE\IDE\TOOLS\HARBOUR\LIB\PNG.LIB|pngtrans ACBP=A9
 0001:00093C3C 00000086 C=CODE    S=_TEXT    G=(none)   M=D:\PRGPLUS\YOUTUBE\TESTE\IDE\TOOLS\HARBOUR\LIB\PNG.LIB|pngwio ACBP=A9
 0001:00093CC4 00001FF4 C=CODE    S=_TEXT    G=(none)   M=D:\PRGPLUS\YOUTUBE\TESTE\IDE\TOOLS\HARBOUR\LIB\PNG.LIB|pngwrite ACBP=A9
 0001:00095CB8 0000071F C=CODE    S=_TEXT    G=(none)   M=D:\PRGPLUS\YOUTUBE\TESTE\IDE\TOOLS\HARBOUR\LIB\PNG.LIB|pngwtran ACBP=A9
 0001:000963D8 00002B43 C=CODE    S=_TEXT    G=(none)   M=D:\PRGPLUS\YOUTUBE\TESTE\IDE\TOOLS\HARBOUR\LIB\PNG.LIB|pngwutil ACBP=A9
 0001:00098F1C 000009E4 C=CODE    S=_TEXT    G=(none)   M=D:\PRGPLUS\YOUTUBE\TESTE\IDE\TOOLS\ADDONS\HBMYSQLZ.LIB|mysql ACBP=A9
 0001:00099900 00000034 C=CODE    S=_TEXT    G=(none)   M=D:\PRGPLUS\YOUTUBE\TESTE\IDE\TOOLS\HARBOUR\LIB\HBCT.LIB|tempfile ACBP=A9
 0001:00099934 000003C5 C=CODE    S=_TEXT    G=(none)   M=D:\PRGPLUS\YOUTUBE\TESTE\IDE\TOOLS\HARBOUR\LIB\HBCT.LIB|atnum ACBP=A9
 0001:00099CFC 00000251 C=CODE    S=_TEXT    G=(none)   M=D:\PRGPLUS\YOUTUBE\TESTE\IDE\TOOLS\HARBOUR\LIB\HBCT.LIB|charonly ACBP=A9
 0001:00099F50 00000252 C=CODE    S=_TEXT    G=(none)   M=D:\PRGPLUS\YOUTUBE\TESTE\IDE\TOOLS\HARBOUR\LIB\HBCT.LIB|charrepl ACBP=A9
 0001:0009A1A4 000002DB C=CODE    S=_TEXT    G=(none)   M=D:\PRGPLUS\YOUTUBE\TESTE\IDE\TOOLS\HARBOUR\LIB\HBCT.LIB|ctc ACBP=A9
 0001:0009A480 000000AA C=CODE    S=_TEXT    G=(none)   M=D:\PRGPLUS\YOUTUBE\TESTE\IDE\TOOLS\HARBOUR\LIB\HBCT.LIB|ctmath ACBP=A9
 0001:0009A52C 000004C4 C=CODE    S=_TEXT    G=(none)   M=D:\PRGPLUS\YOUTUBE\TESTE\IDE\TOOLS\HARBOUR\LIB\HBCT.LIB|ctstr ACBP=A9
 0001:0009A9F0 0000045E C=CODE    S=_TEXT    G=(none)   M=D:\PRGPLUS\YOUTUBE\TESTE\IDE\TOOLS\HARBOUR\LIB\HBCT.LIB|ctstrfil ACBP=A9
 0001:0009AE50 00000463 C=CODE    S=_TEXT    G=(none)   M=D:\PRGPLUS\YOUTUBE\TESTE\IDE\TOOLS\HARBOUR\LIB\HBCT.LIB|datetime ACBP=A9
 0001:0009B2B4 00000962 C=CODE    S=_TEXT    G=(none)   M=D:\PRGPLUS\YOUTUBE\TESTE\IDE\TOOLS\HARBOUR\LIB\HBCT.LIB|dattime2 ACBP=A9
 0001:0009BC18 00000125 C=CODE    S=_TEXT    G=(none)   M=D:\PRGPLUS\YOUTUBE\TESTE\IDE\TOOLS\HARBOUR\LIB\HBCT.LIB|remove ACBP=A9
 0001:0009BD40 00000D3C C=CODE    S=_TEXT    G=(none)   M=D:\PRGPLUS\YOUTUBE\TESTE\IDE\TOOLS\HARBOUR\LIB\HBCT.LIB|trig ACBP=A9
 0001:0009CA7C 00000084 C=CODE    S=_TEXT    G=(none)   M=D:\PRGPLUS\YOUTUBE\TESTE\IDE\TOOLS\HARBOUR\LIB\HBTIP.LIB|encb64 ACBP=A9
 0001:0009CB00 00000098 C=CODE    S=_TEXT    G=(none)   M=D:\PRGPLUS\YOUTUBE\TESTE\IDE\TOOLS\HARBOUR\LIB\HBTIP.LIB|encoder ACBP=A9
 0001:0009CB98 00000BEA C=CODE    S=_TEXT    G=(none)   M=D:\PRGPLUS\YOUTUBE\TESTE\IDE\TOOLS\HARBOUR\LIB\HBTIP.LIB|encqp ACBP=A9
 0001:0009D784 00000084 C=CODE    S=_TEXT    G=(none)   M=D:\PRGPLUS\YOUTUBE\TESTE\IDE\TOOLS\HARBOUR\LIB\HBTIP.LIB|encurl ACBP=A9
 0001:0009D808 000002A4 C=CODE    S=_TEXT    G=(none)   M=D:\PRGPLUS\YOUTUBE\TESTE\IDE\TOOLS\HARBOUR\LIB\HBTIP.LIB|encurlc ACBP=A9
 0001:0009DAAC 00001EB2 C=CODE    S=_TEXT    G=(none)   M=D:\PRGPLUS\YOUTUBE\TESTE\IDE\TOOLS\HARBOUR\LIB\HBMZIP.LIB|mzip ACBP=A9
 0001:0009F960 00000355 C=CODE    S=_TEXT    G=(none)   M=D:\PRGPLUS\YOUTUBE\TESTE\IDE\TOOLS\HARBOUR\LIB\MINIZIP.LIB|ioapi ACBP=A9
 0001:0009FCB8 000029E7 C=CODE    S=_TEXT    G=(none)   M=D:\PRGPLUS\YOUTUBE\TESTE\IDE\TOOLS\HARBOUR\LIB\MINIZIP.LIB|zip ACBP=A9
 0001:000A26A0 000024D4 C=CODE    S=_TEXT    G=(none)   M=D:\PRGPLUS\YOUTUBE\TESTE\IDE\TOOLS\HARBOUR\LIB\MINIZIP.LIB|unzip ACBP=A9
 0001:000A4B74 000000AC C=CODE    S=_TEXT    G=(none)   M=D:\PRGPLUS\YOUTUBE\TESTE\IDE\TOOLS\HARBOUR\LIB\HBWIN.LIB|oleauto ACBP=A9
 0001:000A4C20 00000048 C=CODE    S=_TEXT    G=(none)   M=D:\PRGPLUS\YOUTUBE\TESTE\IDE\TOOLS\HARBOUR\LIB\HBWIN.LIB|win_os ACBP=A9
 0001:000A4C68 000000C0 C=CODE    S=_TEXT    G=(none)   M=D:\PRGPLUS\YOUTUBE\TESTE\IDE\TOOLS\HARBOUR\LIB\HBWIN.LIB|win_reg ACBP=A9
 0001:000A4D28 00003A60 C=CODE    S=_TEXT    G=(none)   M=D:\PRGPLUS\YOUTUBE\TESTE\IDE\TOOLS\HARBOUR\LIB\HBWIN.LIB|olecore ACBP=A9
 0001:000A8788 0000025E C=CODE    S=_TEXT    G=(none)   M=D:\PRGPLUS\YOUTUBE\TESTE\IDE\TOOLS\HARBOUR\LIB\HBWIN.LIB|wapi_alloc ACBP=A9
 0001:000A89E8 00000026 C=CODE    S=_TEXT    G=(none)   M=D:\PRGPLUS\YOUTUBE\TESTE\IDE\TOOLS\HARBOUR\LIB\HBWIN.LIB|wapi_err ACBP=A9
 0001:000A8A10 00000132 C=CODE    S=_TEXT    G=(none)   M=D:\PRGPLUS\YOUTUBE\TESTE\IDE\TOOLS\HARBOUR\LIB\HBWIN.LIB|wapi_misc ACBP=A9
 0001:000A8B44 00000204 C=CODE    S=_TEXT    G=(none)   M=D:\PRGPLUS\YOUTUBE\TESTE\IDE\TOOLS\HARBOUR\LIB\HBWIN.LIB|wapi_shellapi ACBP=A9
 0001:000A8D48 00000176 C=CODE    S=_TEXT    G=(none)   M=D:\PRGPLUS\YOUTUBE\TESTE\IDE\TOOLS\HARBOUR\LIB\HBWIN.LIB|wapi_winuser_2 ACBP=A9
 0001:000A8EC0 000005ED C=CODE    S=_TEXT    G=(none)   M=D:\PRGPLUS\YOUTUBE\TESTE\IDE\TOOLS\HARBOUR\LIB\HBWIN.LIB|win_dlg ACBP=A9
 0001:000A94B0 00000410 C=CODE    S=_TEXT    G=(none)   M=D:\PRGPLUS\YOUTUBE\TESTE\IDE\TOOLS\HARBOUR\LIB\HBWIN.LIB|win_misc_1 ACBP=A9
 0001:000A98C0 000002B5 C=CODE    S=_TEXT    G=(none)   M=D:\PRGPLUS\YOUTUBE\TESTE\IDE\TOOLS\HARBOUR\LIB\HBWIN.LIB|win_osc ACBP=A9
 0001:000A9B78 000004E2 C=CODE    S=_TEXT    G=(none)   M=D:\PRGPLUS\YOUTUBE\TESTE\IDE\TOOLS\HARBOUR\LIB\HBWIN.LIB|win_regc ACBP=A9
 0001:000AA05C 00000098 C=CODE    S=_TEXT    G=(none)   M=D:\PRGPLUS\YOUTUBE\TESTE\IDE\TOOLS\HARBOUR\LIB\XHB.LIB|traceprg ACBP=A9
 0001:000AA0F4 00000034 C=CODE    S=_TEXT    G=(none)   M=D:\PRGPLUS\YOUTUBE\TESTE\IDE\TOOLS\HARBOUR\LIB\XHB.LIB|xhbmisc ACBP=A9
 0001:000AA128 00000200 C=CODE    S=_TEXT    G=(none)   M=D:\PRGPLUS\YOUTUBE\TESTE\IDE\TOOLS\HARBOUR\LIB\XHB.LIB|xhbole ACBP=A9
 0001:000AA328 0000052A C=CODE    S=_TEXT    G=(none)   M=D:\PRGPLUS\YOUTUBE\TESTE\IDE\TOOLS\HARBOUR\LIB\XHB.LIB|xhbarr ACBP=A9
 0001:000AA854 00000036 C=CODE    S=_TEXT    G=(none)   M=D:\PRGPLUS\YOUTUBE\TESTE\IDE\TOOLS\HARBOUR\LIB\XHB.LIB|xhbdate ACBP=A9
 0001:000AA88C 0000002F C=CODE    S=_TEXT    G=(none)   M=D:\PRGPLUS\YOUTUBE\TESTE\IDE\TOOLS\HARBOUR\LIB\XHB.LIB|xhbenum ACBP=A9
 0001:000AA8BC 0000004E C=CODE    S=_TEXT    G=(none)   M=D:\PRGPLUS\YOUTUBE\TESTE\IDE\TOOLS\HARBOUR\LIB\XHB.LIB|xhbfs ACBP=A9
 0001:000AA90C 000004B6 C=CODE    S=_TEXT    G=(none)   M=D:\PRGPLUS\YOUTUBE\TESTE\IDE\TOOLS\HARBOUR\LIB\XHB.LIB|xhbfunc ACBP=A9
 0001:000AADC4 00000106 C=CODE    S=_TEXT    G=(none)   M=D:\PRGPLUS\YOUTUBE\TESTE\IDE\TOOLS\HARBOUR\LIB\XHB.LIB|xhbhash ACBP=A9
 0001:000AAECC 00000034 C=CODE    S=_TEXT    G=(none)   M=D:\PRGPLUS\YOUTUBE\TESTE\IDE\TOOLS\HARBOUR\LIB\XHB.LIB|xhbolec ACBP=A9
 0001:000AAF00 0000004F C=CODE    S=_TEXT    G=(none)   M=D:\PRGPLUS\YOUTUBE\TESTE\IDE\TOOLS\HARBOUR\LIB\XHB.LIB|xthrow ACBP=A9
 0001:000AAF50 0000009E C=CODE    S=_TEXT    G=(none)   M=D:\PRGPLUS\YOUTUBE\TESTE\IDE\TOOLS\HARBOUR\LIB\XHB.LIB|xwin_ver ACBP=A9
 0001:000AAFF0 0000E356 C=CODE    S=_TEXT    G=(none)   M=D:\PRGPLUS\YOUTUBE\TESTE\IDE\TOOLS\HARBOUR\LIB\HBVM.LIB|hvm ACBP=A9
 0001:000B9348 00001E42 C=CODE    S=_TEXT    G=(none)   M=D:\PRGPLUS\YOUTUBE\TESTE\IDE\TOOLS\HARBOUR\LIB\HBVM.LIB|arrays ACBP=A9
 0001:000BB18C 00006474 C=CODE    S=_TEXT    G=(none)   M=D:\PRGPLUS\YOUTUBE\TESTE\IDE\TOOLS\HARBOUR\LIB\HBVM.LIB|classes ACBP=A9
 0001:000C1600 0000085C C=CODE    S=_TEXT    G=(none)   M=D:\PRGPLUS\YOUTUBE\TESTE\IDE\TOOLS\HARBOUR\LIB\HBVM.LIB|dynsym ACBP=A9
 0001:000C1E5C 00000308 C=CODE    S=_TEXT    G=(none)   M=D:\PRGPLUS\YOUTUBE\TESTE\IDE\TOOLS\HARBOUR\LIB\HBVM.LIB|codebloc ACBP=A9
 0001:000C2164 00000C31 C=CODE    S=_TEXT    G=(none)   M=D:\PRGPLUS\YOUTUBE\TESTE\IDE\TOOLS\HARBOUR\LIB\HBVM.LIB|estack ACBP=A9
 0001:000C2D98 000029EC C=CODE    S=_TEXT    G=(none)   M=D:\PRGPLUS\YOUTUBE\TESTE\IDE\TOOLS\HARBOUR\LIB\HBVM.LIB|extend ACBP=A9
 0001:000C5784 0000421A C=CODE    S=_TEXT    G=(none)   M=D:\PRGPLUS\YOUTUBE\TESTE\IDE\TOOLS\HARBOUR\LIB\HBVM.LIB|fm ACBP=A9
 0001:000C99A0 00000733 C=CODE    S=_TEXT    G=(none)   M=D:\PRGPLUS\YOUTUBE\TESTE\IDE\TOOLS\HARBOUR\LIB\HBVM.LIB|garbage ACBP=A9
 0001:000CA0D4 00001763 C=CODE    S=_TEXT    G=(none)   M=D:\PRGPLUS\YOUTUBE\TESTE\IDE\TOOLS\HARBOUR\LIB\HBVM.LIB|hashes ACBP=A9
 0001:000CB838 00003258 C=CODE    S=_TEXT    G=(none)   M=D:\PRGPLUS\YOUTUBE\TESTE\IDE\TOOLS\HARBOUR\LIB\HBVM.LIB|itemapi ACBP=A9
 0001:000CEA90 00001264 C=CODE    S=_TEXT    G=(none)   M=D:\PRGPLUS\YOUTUBE\TESTE\IDE\TOOLS\HARBOUR\LIB\HBVM.LIB|strapi ACBP=A9
 0001:000CFCF4 00001D06 C=CODE    S=_TEXT    G=(none)   M=D:\PRGPLUS\YOUTUBE\TESTE\IDE\TOOLS\HARBOUR\LIB\HBVM.LIB|macro ACBP=A9
 0001:000D19FC 000017C7 C=CODE    S=_TEXT    G=(none)   M=D:\PRGPLUS\YOUTUBE\TESTE\IDE\TOOLS\HARBOUR\LIB\HBVM.LIB|memvars ACBP=A9
 0001:000D31C4 00003EA7 C=CODE    S=_TEXT    G=(none)   M=D:\PRGPLUS\YOUTUBE\TESTE\IDE\TOOLS\HARBOUR\LIB\HBVM.LIB|set ACBP=A9
 0001:000D706C 00000E3C C=CODE    S=_TEXT    G=(none)   M=D:\PRGPLUS\YOUTUBE\TESTE\IDE\TOOLS\HARBOUR\LIB\HBVM.LIB|thread ACBP=A9
 0001:000D7EA8 000007B0 C=CODE    S=_TEXT    G=(none)   M=D:\PRGPLUS\YOUTUBE\TESTE\IDE\TOOLS\HARBOUR\LIB\HBVM.LIB|arrayshb ACBP=A9
 0001:000D8658 0000064D C=CODE    S=_TEXT    G=(none)   M=D:\PRGPLUS\YOUTUBE\TESTE\IDE\TOOLS\HARBOUR\LIB\HBVM.LIB|asort ACBP=A9
 0001:000D8CA8 00000014 C=CODE    S=_TEXT    G=(none)   M=D:\PRGPLUS\YOUTUBE\TESTE\IDE\TOOLS\HARBOUR\LIB\HBVM.LIB|break ACBP=A9
 0001:000D8CBC 00000C2A C=CODE    S=_TEXT    G=(none)   M=D:\PRGPLUS\YOUTUBE\TESTE\IDE\TOOLS\HARBOUR\LIB\HBVM.LIB|cmdarg ACBP=A9
 0001:000D98E8 00000287 C=CODE    S=_TEXT    G=(none)   M=D:\PRGPLUS\YOUTUBE\TESTE\IDE\TOOLS\HARBOUR\LIB\HBVM.LIB|dynlibhb ACBP=A9
 0001:000D9B70 00000804 C=CODE    S=_TEXT    G=(none)   M=D:\PRGPLUS\YOUTUBE\TESTE\IDE\TOOLS\HARBOUR\LIB\HBVM.LIB|eval ACBP=A9
 0001:000DA374 00000505 C=CODE    S=_TEXT    G=(none)   M=D:\PRGPLUS\YOUTUBE\TESTE\IDE\TOOLS\HARBOUR\LIB\HBVM.LIB|extrap ACBP=A9
 0001:000DA87C 00001349 C=CODE    S=_TEXT    G=(none)   M=D:\PRGPLUS\YOUTUBE\TESTE\IDE\TOOLS\HARBOUR\LIB\HBVM.LIB|hashfunc ACBP=A9
 0001:000DBBC8 00000006 C=CODE    S=_TEXT    G=(none)   M=D:\PRGPLUS\YOUTUBE\TESTE\IDE\TOOLS\HARBOUR\LIB\HBVM.LIB|initexit ACBP=A9
 0001:000DBBD0 00000019 C=CODE    S=_TEXT    G=(none)   M=D:\PRGPLUS\YOUTUBE\TESTE\IDE\TOOLS\HARBOUR\LIB\HBVM.LIB|initsymb ACBP=A9
 0001:000DBBEC 00000058 C=CODE    S=_TEXT    G=(none)   M=D:\PRGPLUS\YOUTUBE\TESTE\IDE\TOOLS\HARBOUR\LIB\HBVM.LIB|pbyref ACBP=A9
 0001:000DBC44 0000001D C=CODE    S=_TEXT    G=(none)   M=D:\PRGPLUS\YOUTUBE\TESTE\IDE\TOOLS\HARBOUR\LIB\HBVM.LIB|pcount ACBP=A9
 0001:000DBC64 00000070 C=CODE    S=_TEXT    G=(none)   M=D:\PRGPLUS\YOUTUBE\TESTE\IDE\TOOLS\HARBOUR\LIB\HBVM.LIB|pvalue ACBP=A9
 0001:000DBCD4 00000006 C=CODE    S=_TEXT    G=(none)   M=D:\PRGPLUS\YOUTUBE\TESTE\IDE\TOOLS\HARBOUR\LIB\HBVM.LIB|pvaluehb ACBP=A9
 0001:000DBCDC 00000508 C=CODE    S=_TEXT    G=(none)   M=D:\PRGPLUS\YOUTUBE\TESTE\IDE\TOOLS\HARBOUR\LIB\HBVM.LIB|proc ACBP=A9
 0001:000DC1E4 00000028 C=CODE    S=_TEXT    G=(none)   M=D:\PRGPLUS\YOUTUBE\TESTE\IDE\TOOLS\HARBOUR\LIB\HBVM.LIB|mainwin ACBP=A9
 0001:000DC20C 00000084 C=CODE    S=_TEXT    G=(none)   M=D:\PRGPLUS\YOUTUBE\TESTE\IDE\TOOLS\HARBOUR\LIB\HBVM.LIB|harbinit ACBP=A9
 0001:000DC290 0000016C C=CODE    S=_TEXT    G=(none)   M=D:\PRGPLUS\YOUTUBE\TESTE\IDE\TOOLS\HARBOUR\LIB\HBRTL.LIB|abs ACBP=A9
 0001:000DC3FC 00000323 C=CODE    S=_TEXT    G=(none)   M=D:\PRGPLUS\YOUTUBE\TESTE\IDE\TOOLS\HARBOUR\LIB\HBRTL.LIB|arc4 ACBP=A9
 0001:000DC720 00000228 C=CODE    S=_TEXT    G=(none)   M=D:\PRGPLUS\YOUTUBE\TESTE\IDE\TOOLS\HARBOUR\LIB\HBRTL.LIB|at ACBP=A9
 0001:000DC948 00000210 C=CODE    S=_TEXT    G=(none)   M=D:\PRGPLUS\YOUTUBE\TESTE\IDE\TOOLS\HARBOUR\LIB\HBRTL.LIB|ati ACBP=A9
 0001:000DCB58 00000213 C=CODE    S=_TEXT    G=(none)   M=D:\PRGPLUS\YOUTUBE\TESTE\IDE\TOOLS\HARBOUR\LIB\HBRTL.LIB|base64c ACBP=A9
 0001:000DCD6C 0000012C C=CODE    S=_TEXT    G=(none)   M=D:\PRGPLUS\YOUTUBE\TESTE\IDE\TOOLS\HARBOUR\LIB\HBRTL.LIB|base64d ACBP=A9
 0001:000DCE98 0000010A C=CODE    S=_TEXT    G=(none)   M=D:\PRGPLUS\YOUTUBE\TESTE\IDE\TOOLS\HARBOUR\LIB\HBRTL.LIB|binnum ACBP=A9
 0001:000DCFA4 00004656 C=CODE    S=_TEXT    G=(none)   M=D:\PRGPLUS\YOUTUBE\TESTE\IDE\TOOLS\HARBOUR\LIB\HBRTL.LIB|cdpapi ACBP=A9
 0001:000E15FC 00000CE2 C=CODE    S=_TEXT    G=(none)   M=D:\PRGPLUS\YOUTUBE\TESTE\IDE\TOOLS\HARBOUR\LIB\HBRTL.LIB|cdpapihb ACBP=A9
 0001:000E22E0 000000E3 C=CODE    S=_TEXT    G=(none)   M=D:\PRGPLUS\YOUTUBE\TESTE\IDE\TOOLS\HARBOUR\LIB\HBRTL.LIB|chrasc ACBP=A9
 0001:000E23C4 00000F49 C=CODE    S=_TEXT    G=(none)   M=D:\PRGPLUS\YOUTUBE\TESTE\IDE\TOOLS\HARBOUR\LIB\HBRTL.LIB|chruni ACBP=A9
 0001:000E3310 000000AB C=CODE    S=_TEXT    G=(none)   M=D:\PRGPLUS\YOUTUBE\TESTE\IDE\TOOLS\HARBOUR\LIB\HBRTL.LIB|colorind ACBP=A9
 0001:000E33BC 00000B49 C=CODE    S=_TEXT    G=(none)   M=D:\PRGPLUS\YOUTUBE\TESTE\IDE\TOOLS\HARBOUR\LIB\HBRTL.LIB|console ACBP=A9
 0001:000E3F08 000000EC C=CODE    S=_TEXT    G=(none)   M=D:\PRGPLUS\YOUTUBE\TESTE\IDE\TOOLS\HARBOUR\LIB\HBRTL.LIB|cputime ACBP=A9
 0001:000E3FF4 00000175 C=CODE    S=_TEXT    G=(none)   M=D:\PRGPLUS\YOUTUBE\TESTE\IDE\TOOLS\HARBOUR\LIB\HBRTL.LIB|datec ACBP=A9
 0001:000E416C 00000B1E C=CODE    S=_TEXT    G=(none)   M=D:\PRGPLUS\YOUTUBE\TESTE\IDE\TOOLS\HARBOUR\LIB\HBRTL.LIB|dates ACBP=A9
 0001:000E4C8C 00000F9F C=CODE    S=_TEXT    G=(none)   M=D:\PRGPLUS\YOUTUBE\TESTE\IDE\TOOLS\HARBOUR\LIB\HBRTL.LIB|dateshb ACBP=A9
 0001:000E5C2C 00000032 C=CODE    S=_TEXT    G=(none)   M=D:\PRGPLUS\YOUTUBE\TESTE\IDE\TOOLS\HARBOUR\LIB\HBRTL.LIB|datesx ACBP=A9
 0001:000E5C60 00000065 C=CODE    S=_TEXT    G=(none)   M=D:\PRGPLUS\YOUTUBE\TESTE\IDE\TOOLS\HARBOUR\LIB\HBRTL.LIB|defpath ACBP=A9
 0001:000E5CC8 000001BC C=CODE    S=_TEXT    G=(none)   M=D:\PRGPLUS\YOUTUBE\TESTE\IDE\TOOLS\HARBOUR\LIB\HBRTL.LIB|dirdrive ACBP=A9
 0001:000E5E84 000001B4 C=CODE    S=_TEXT    G=(none)   M=D:\PRGPLUS\YOUTUBE\TESTE\IDE\TOOLS\HARBOUR\LIB\HBRTL.LIB|direct ACBP=A9
 0001:000E6038 00000397 C=CODE    S=_TEXT    G=(none)   M=D:\PRGPLUS\YOUTUBE\TESTE\IDE\TOOLS\HARBOUR\LIB\HBRTL.LIB|disksphb ACBP=A9
 0001:000E63D0 000000F2 C=CODE    S=_TEXT    G=(none)   M=D:\PRGPLUS\YOUTUBE\TESTE\IDE\TOOLS\HARBOUR\LIB\HBRTL.LIB|do ACBP=A9
 0001:000E64C4 0000022C C=CODE    S=_TEXT    G=(none)   M=D:\PRGPLUS\YOUTUBE\TESTE\IDE\TOOLS\HARBOUR\LIB\HBRTL.LIB|empty ACBP=A9
 0001:000E66F0 000015C3 C=CODE    S=_TEXT    G=(none)   M=D:\PRGPLUS\YOUTUBE\TESTE\IDE\TOOLS\HARBOUR\LIB\HBRTL.LIB|errapi ACBP=A9
 0001:000E7CB4 00000046 C=CODE    S=_TEXT    G=(none)   M=D:\PRGPLUS\YOUTUBE\TESTE\IDE\TOOLS\HARBOUR\LIB\HBRTL.LIB|errint ACBP=A9
 0001:000E7CFC 000002D1 C=CODE    S=_TEXT    G=(none)   M=D:\PRGPLUS\YOUTUBE\TESTE\IDE\TOOLS\HARBOUR\LIB\HBRTL.LIB|errintlo ACBP=A9
 0001:000E7FD0 000000E1 C=CODE    S=_TEXT    G=(none)   M=D:\PRGPLUS\YOUTUBE\TESTE\IDE\TOOLS\HARBOUR\LIB\HBRTL.LIB|file ACBP=A9
 0001:000E80B4 000016F0 C=CODE    S=_TEXT    G=(none)   M=D:\PRGPLUS\YOUTUBE\TESTE\IDE\TOOLS\HARBOUR\LIB\HBRTL.LIB|filebuf ACBP=A9
 0001:000E97A4 00000027 C=CODE    S=_TEXT    G=(none)   M=D:\PRGPLUS\YOUTUBE\TESTE\IDE\TOOLS\HARBOUR\LIB\HBRTL.LIB|filehb ACBP=A9
 0001:000E97CC 000023D3 C=CODE    S=_TEXT    G=(none)   M=D:\PRGPLUS\YOUTUBE\TESTE\IDE\TOOLS\HARBOUR\LIB\HBRTL.LIB|filesys ACBP=A9
 0001:000EBBA0 0000009C C=CODE    S=_TEXT    G=(none)   M=D:\PRGPLUS\YOUTUBE\TESTE\IDE\TOOLS\HARBOUR\LIB\HBRTL.LIB|fnsplit ACBP=A9
 0001:000EBC3C 00000172 C=CODE    S=_TEXT    G=(none)   M=D:\PRGPLUS\YOUTUBE\TESTE\IDE\TOOLS\HARBOUR\LIB\HBRTL.LIB|fscopy ACBP=A9
 0001:000EBDB0 000000CE C=CODE    S=_TEXT    G=(none)   M=D:\PRGPLUS\YOUTUBE\TESTE\IDE\TOOLS\HARBOUR\LIB\HBRTL.LIB|fserr ACBP=A9
 0001:000EBE80 000003C6 C=CODE    S=_TEXT    G=(none)   M=D:\PRGPLUS\YOUTUBE\TESTE\IDE\TOOLS\HARBOUR\LIB\HBRTL.LIB|fslink ACBP=A9
 0001:000EC248 0000018B C=CODE    S=_TEXT    G=(none)   M=D:\PRGPLUS\YOUTUBE\TESTE\IDE\TOOLS\HARBOUR\LIB\HBRTL.LIB|fssize ACBP=A9
 0001:000EC3D4 000003FF C=CODE    S=_TEXT    G=(none)   M=D:\PRGPLUS\YOUTUBE\TESTE\IDE\TOOLS\HARBOUR\LIB\HBRTL.LIB|fstemp ACBP=A9
 0001:000EC7D4 000000DC C=CODE    S=_TEXT    G=(none)   M=D:\PRGPLUS\YOUTUBE\TESTE\IDE\TOOLS\HARBOUR\LIB\HBRTL.LIB|gete ACBP=A9
 0001:000EC8B0 000011D2 C=CODE    S=_TEXT    G=(none)   M=D:\PRGPLUS\YOUTUBE\TESTE\IDE\TOOLS\HARBOUR\LIB\HBRTL.LIB|gtapi ACBP=A9
 0001:000EDA84 00000355 C=CODE    S=_TEXT    G=(none)   M=D:\PRGPLUS\YOUTUBE\TESTE\IDE\TOOLS\HARBOUR\LIB\HBRTL.LIB|gtclip ACBP=A9
 0001:000EDDDC 00000382 C=CODE    S=_TEXT    G=(none)   M=D:\PRGPLUS\YOUTUBE\TESTE\IDE\TOOLS\HARBOUR\LIB\HBRTL.LIB|gtfunc ACBP=A9
 0001:000EE160 00000225 C=CODE    S=_TEXT    G=(none)   M=D:\PRGPLUS\YOUTUBE\TESTE\IDE\TOOLS\HARBOUR\LIB\HBRTL.LIB|gtkbstat ACBP=A9
 0001:000EE388 0000024C C=CODE    S=_TEXT    G=(none)   M=D:\PRGPLUS\YOUTUBE\TESTE\IDE\TOOLS\HARBOUR\LIB\HBRTL.LIB|gttone ACBP=A9
 0001:000EE5D4 0000017F C=CODE    S=_TEXT    G=(none)   M=D:\PRGPLUS\YOUTUBE\TESTE\IDE\TOOLS\HARBOUR\LIB\HBRTL.LIB|hbadler ACBP=A9
 0001:000EE754 000001F1 C=CODE    S=_TEXT    G=(none)   M=D:\PRGPLUS\YOUTUBE\TESTE\IDE\TOOLS\HARBOUR\LIB\HBRTL.LIB|hbascii ACBP=A9
 0001:000EE948 0000030F C=CODE    S=_TEXT    G=(none)   M=D:\PRGPLUS\YOUTUBE\TESTE\IDE\TOOLS\HARBOUR\LIB\HBRTL.LIB|hbbit ACBP=A9
 0001:000EEC58 0000050A C=CODE    S=_TEXT    G=(none)   M=D:\PRGPLUS\YOUTUBE\TESTE\IDE\TOOLS\HARBOUR\LIB\HBRTL.LIB|hbcrc ACBP=A9
 0001:000EF164 000000AE C=CODE    S=_TEXT    G=(none)   M=D:\PRGPLUS\YOUTUBE\TESTE\IDE\TOOLS\HARBOUR\LIB\HBRTL.LIB|hbdef ACBP=A9
 0001:000EF214 0000730D C=CODE    S=_TEXT    G=(none)   M=D:\PRGPLUS\YOUTUBE\TESTE\IDE\TOOLS\HARBOUR\LIB\HBRTL.LIB|hbdyn ACBP=A9
 0001:000F6524 000001A8 C=CODE    S=_TEXT    G=(none)   M=D:\PRGPLUS\YOUTUBE\TESTE\IDE\TOOLS\HARBOUR\LIB\HBRTL.LIB|hbdynhb ACBP=A9
 0001:000F66CC 00000047 C=CODE    S=_TEXT    G=(none)   M=D:\PRGPLUS\YOUTUBE\TESTE\IDE\TOOLS\HARBOUR\LIB\HBRTL.LIB|hbfile ACBP=A9
 0001:000F6714 00000149 C=CODE    S=_TEXT    G=(none)   M=D:\PRGPLUS\YOUTUBE\TESTE\IDE\TOOLS\HARBOUR\LIB\HBRTL.LIB|hbfilehc ACBP=A9
 0001:000F6860 00005203 C=CODE    S=_TEXT    G=(none)   M=D:\PRGPLUS\YOUTUBE\TESTE\IDE\TOOLS\HARBOUR\LIB\HBRTL.LIB|hbgtcore ACBP=A9
 0001:000FBA64 000003D0 C=CODE    S=_TEXT    G=(none)   M=D:\PRGPLUS\YOUTUBE\TESTE\IDE\TOOLS\HARBOUR\LIB\HBRTL.LIB|hbhex ACBP=A9
 0001:000FBE34 0000177E C=CODE    S=_TEXT    G=(none)   M=D:\PRGPLUS\YOUTUBE\TESTE\IDE\TOOLS\HARBOUR\LIB\HBRTL.LIB|hbi18n1 ACBP=A9
 0001:000FD5B4 00001070 C=CODE    S=_TEXT    G=(none)   M=D:\PRGPLUS\YOUTUBE\TESTE\IDE\TOOLS\HARBOUR\LIB\HBRTL.LIB|hbjson ACBP=A9
 0001:000FE624 00001174 C=CODE    S=_TEXT    G=(none)   M=D:\PRGPLUS\YOUTUBE\TESTE\IDE\TOOLS\HARBOUR\LIB\HBRTL.LIB|hbmd5 ACBP=A9
 0001:000FF798 0000016A C=CODE    S=_TEXT    G=(none)   M=D:\PRGPLUS\YOUTUBE\TESTE\IDE\TOOLS\HARBOUR\LIB\HBRTL.LIB|hbntos ACBP=A9
 0001:000FF904 00000096 C=CODE    S=_TEXT    G=(none)   M=D:\PRGPLUS\YOUTUBE\TESTE\IDE\TOOLS\HARBOUR\LIB\HBRTL.LIB|hbrand ACBP=A9
 0001:000FF99C 000002E4 C=CODE    S=_TEXT    G=(none)   M=D:\PRGPLUS\YOUTUBE\TESTE\IDE\TOOLS\HARBOUR\LIB\HBRTL.LIB|hbrandom ACBP=A9
 0001:000FFC80 00000A52 C=CODE    S=_TEXT    G=(none)   M=D:\PRGPLUS\YOUTUBE\TESTE\IDE\TOOLS\HARBOUR\LIB\HBRTL.LIB|hbregex ACBP=A9
 0001:001006D4 000001D1 C=CODE    S=_TEXT    G=(none)   M=D:\PRGPLUS\YOUTUBE\TESTE\IDE\TOOLS\HARBOUR\LIB\HBRTL.LIB|hbregexc ACBP=A9
 0001:001008A8 000000AB C=CODE    S=_TEXT    G=(none)   M=D:\PRGPLUS\YOUTUBE\TESTE\IDE\TOOLS\HARBOUR\LIB\HBRTL.LIB|hbstrsh ACBP=A9
 0001:00100954 00000773 C=CODE    S=_TEXT    G=(none)   M=D:\PRGPLUS\YOUTUBE\TESTE\IDE\TOOLS\HARBOUR\LIB\HBRTL.LIB|hbtoken ACBP=A9
 0001:001010C8 000000BE C=CODE    S=_TEXT    G=(none)   M=D:\PRGPLUS\YOUTUBE\TESTE\IDE\TOOLS\HARBOUR\LIB\HBRTL.LIB|hbzlibc ACBP=A9
 0001:00101188 00000316 C=CODE    S=_TEXT    G=(none)   M=D:\PRGPLUS\YOUTUBE\TESTE\IDE\TOOLS\HARBOUR\LIB\HBRTL.LIB|idle ACBP=A9
 0001:001014A0 00000503 C=CODE    S=_TEXT    G=(none)   M=D:\PRGPLUS\YOUTUBE\TESTE\IDE\TOOLS\HARBOUR\LIB\HBRTL.LIB|inkey ACBP=A9
 0001:001019A4 000005E3 C=CODE    S=_TEXT    G=(none)   M=D:\PRGPLUS\YOUTUBE\TESTE\IDE\TOOLS\HARBOUR\LIB\HBRTL.LIB|inkeyapi ACBP=A9
 0001:00101F88 000000B0 C=CODE    S=_TEXT    G=(none)   M=D:\PRGPLUS\YOUTUBE\TESTE\IDE\TOOLS\HARBOUR\LIB\HBRTL.LIB|is ACBP=A9
 0001:00102038 000031CA C=CODE    S=_TEXT    G=(none)   M=D:\PRGPLUS\YOUTUBE\TESTE\IDE\TOOLS\HARBOUR\LIB\HBRTL.LIB|itemseri ACBP=A9
 0001:00105204 00000F91 C=CODE    S=_TEXT    G=(none)   M=D:\PRGPLUS\YOUTUBE\TESTE\IDE\TOOLS\HARBOUR\LIB\HBRTL.LIB|lang ACBP=A9
 0001:00106198 000004CD C=CODE    S=_TEXT    G=(none)   M=D:\PRGPLUS\YOUTUBE\TESTE\IDE\TOOLS\HARBOUR\LIB\HBRTL.LIB|langapi ACBP=A9
 0001:00106668 000001BA C=CODE    S=_TEXT    G=(none)   M=D:\PRGPLUS\YOUTUBE\TESTE\IDE\TOOLS\HARBOUR\LIB\HBRTL.LIB|left ACBP=A9
 0001:00106824 00000096 C=CODE    S=_TEXT    G=(none)   M=D:\PRGPLUS\YOUTUBE\TESTE\IDE\TOOLS\HARBOUR\LIB\HBRTL.LIB|len ACBP=A9
 0001:001068BC 0000097C C=CODE    S=_TEXT    G=(none)   M=D:\PRGPLUS\YOUTUBE\TESTE\IDE\TOOLS\HARBOUR\LIB\HBRTL.LIB|math ACBP=A9
 0001:00107238 00000154 C=CODE    S=_TEXT    G=(none)   M=D:\PRGPLUS\YOUTUBE\TESTE\IDE\TOOLS\HARBOUR\LIB\HBRTL.LIB|memofile ACBP=A9
 0001:0010738C 00000390 C=CODE    S=_TEXT    G=(none)   M=D:\PRGPLUS\YOUTUBE\TESTE\IDE\TOOLS\HARBOUR\LIB\HBRTL.LIB|minmax ACBP=A9
 0001:0010771C 00000CBB C=CODE    S=_TEXT    G=(none)   M=D:\PRGPLUS\YOUTUBE\TESTE\IDE\TOOLS\HARBOUR\LIB\HBRTL.LIB|mlcfunc ACBP=A9
 0001:001083D8 0000005F C=CODE    S=_TEXT    G=(none)   M=D:\PRGPLUS\YOUTUBE\TESTE\IDE\TOOLS\HARBOUR\LIB\HBRTL.LIB|net ACBP=A9
 0001:00108438 00000067 C=CODE    S=_TEXT    G=(none)   M=D:\PRGPLUS\YOUTUBE\TESTE\IDE\TOOLS\HARBOUR\LIB\HBRTL.LIB|netusr ACBP=A9
 0001:001084A0 00000156 C=CODE    S=_TEXT    G=(none)   M=D:\PRGPLUS\YOUTUBE\TESTE\IDE\TOOLS\HARBOUR\LIB\HBRTL.LIB|oemansi ACBP=A9
 0001:001085F8 000004A9 C=CODE    S=_TEXT    G=(none)   M=D:\PRGPLUS\YOUTUBE\TESTE\IDE\TOOLS\HARBOUR\LIB\HBRTL.LIB|padx ACBP=A9
 0001:00108AA4 00000BF0 C=CODE    S=_TEXT    G=(none)   M=D:\PRGPLUS\YOUTUBE\TESTE\IDE\TOOLS\HARBOUR\LIB\HBRTL.LIB|philes ACBP=A9
 0001:00109694 000001EF C=CODE    S=_TEXT    G=(none)   M=D:\PRGPLUS\YOUTUBE\TESTE\IDE\TOOLS\HARBOUR\LIB\HBRTL.LIB|rat ACBP=A9
 0001:00109884 00000138 C=CODE    S=_TEXT    G=(none)   M=D:\PRGPLUS\YOUTUBE\TESTE\IDE\TOOLS\HARBOUR\LIB\HBRTL.LIB|replic ACBP=A9
 0001:001099BC 000000D1 C=CODE    S=_TEXT    G=(none)   M=D:\PRGPLUS\YOUTUBE\TESTE\IDE\TOOLS\HARBOUR\LIB\HBRTL.LIB|right ACBP=A9
 0001:00109A90 0000010E C=CODE    S=_TEXT    G=(none)   M=D:\PRGPLUS\YOUTUBE\TESTE\IDE\TOOLS\HARBOUR\LIB\HBRTL.LIB|round ACBP=A9
 0001:00109BA0 00000080 C=CODE    S=_TEXT    G=(none)   M=D:\PRGPLUS\YOUTUBE\TESTE\IDE\TOOLS\HARBOUR\LIB\HBRTL.LIB|seconds ACBP=A9
 0001:00109C20 00000119 C=CODE    S=_TEXT    G=(none)   M=D:\PRGPLUS\YOUTUBE\TESTE\IDE\TOOLS\HARBOUR\LIB\HBRTL.LIB|setcolor ACBP=A9
 0001:00109D3C 00000057 C=CODE    S=_TEXT    G=(none)   M=D:\PRGPLUS\YOUTUBE\TESTE\IDE\TOOLS\HARBOUR\LIB\HBRTL.LIB|setcurs ACBP=A9
 0001:00109D94 000005BD C=CODE    S=_TEXT    G=(none)   M=D:\PRGPLUS\YOUTUBE\TESTE\IDE\TOOLS\HARBOUR\LIB\HBRTL.LIB|setkey ACBP=A9
 0001:0010A354 00000097 C=CODE    S=_TEXT    G=(none)   M=D:\PRGPLUS\YOUTUBE\TESTE\IDE\TOOLS\HARBOUR\LIB\HBRTL.LIB|setpos ACBP=A9
 0001:0010A3EC 0000002B C=CODE    S=_TEXT    G=(none)   M=D:\PRGPLUS\YOUTUBE\TESTE\IDE\TOOLS\HARBOUR\LIB\HBRTL.LIB|setposbs ACBP=A9
 0001:0010A418 00000066 C=CODE    S=_TEXT    G=(none)   M=D:\PRGPLUS\YOUTUBE\TESTE\IDE\TOOLS\HARBOUR\LIB\HBRTL.LIB|space ACBP=A9
 0001:0010A480 000002FA C=CODE    S=_TEXT    G=(none)   M=D:\PRGPLUS\YOUTUBE\TESTE\IDE\TOOLS\HARBOUR\LIB\HBRTL.LIB|spfiles ACBP=A9
 0001:0010A77C 0000008E C=CODE    S=_TEXT    G=(none)   M=D:\PRGPLUS\YOUTUBE\TESTE\IDE\TOOLS\HARBOUR\LIB\HBRTL.LIB|str ACBP=A9
 0001:0010A80C 000000C0 C=CODE    S=_TEXT    G=(none)   M=D:\PRGPLUS\YOUTUBE\TESTE\IDE\TOOLS\HARBOUR\LIB\HBRTL.LIB|strcase ACBP=A9
 0001:0010A8CC 0000012F C=CODE    S=_TEXT    G=(none)   M=D:\PRGPLUS\YOUTUBE\TESTE\IDE\TOOLS\HARBOUR\LIB\HBRTL.LIB|strmatch ACBP=A9
 0001:0010A9FC 000004C8 C=CODE    S=_TEXT    G=(none)   M=D:\PRGPLUS\YOUTUBE\TESTE\IDE\TOOLS\HARBOUR\LIB\HBRTL.LIB|strrepl ACBP=A9
 0001:0010AEC4 00000185 C=CODE    S=_TEXT    G=(none)   M=D:\PRGPLUS\YOUTUBE\TESTE\IDE\TOOLS\HARBOUR\LIB\HBRTL.LIB|strtoexp ACBP=A9
 0001:0010B04C 00000264 C=CODE    S=_TEXT    G=(none)   M=D:\PRGPLUS\YOUTUBE\TESTE\IDE\TOOLS\HARBOUR\LIB\HBRTL.LIB|strtran ACBP=A9
 0001:0010B2B0 000000EA C=CODE    S=_TEXT    G=(none)   M=D:\PRGPLUS\YOUTUBE\TESTE\IDE\TOOLS\HARBOUR\LIB\HBRTL.LIB|strzero ACBP=A9
 0001:0010B39C 0000019A C=CODE    S=_TEXT    G=(none)   M=D:\PRGPLUS\YOUTUBE\TESTE\IDE\TOOLS\HARBOUR\LIB\HBRTL.LIB|stuff ACBP=A9
 0001:0010B538 00000156 C=CODE    S=_TEXT    G=(none)   M=D:\PRGPLUS\YOUTUBE\TESTE\IDE\TOOLS\HARBOUR\LIB\HBRTL.LIB|substr ACBP=A9
 0001:0010B690 00000058 C=CODE    S=_TEXT    G=(none)   M=D:\PRGPLUS\YOUTUBE\TESTE\IDE\TOOLS\HARBOUR\LIB\HBRTL.LIB|tone ACBP=A9
 0001:0010B6E8 000014FC C=CODE    S=_TEXT    G=(none)   M=D:\PRGPLUS\YOUTUBE\TESTE\IDE\TOOLS\HARBOUR\LIB\HBRTL.LIB|transfrm ACBP=A9
 0001:0010CBE4 000001D1 C=CODE    S=_TEXT    G=(none)   M=D:\PRGPLUS\YOUTUBE\TESTE\IDE\TOOLS\HARBOUR\LIB\HBRTL.LIB|trim ACBP=A9
 0001:0010CDB8 00000042 C=CODE    S=_TEXT    G=(none)   M=D:\PRGPLUS\YOUTUBE\TESTE\IDE\TOOLS\HARBOUR\LIB\HBRTL.LIB|type ACBP=A9
 0001:0010CDFC 000000F5 C=CODE    S=_TEXT    G=(none)   M=D:\PRGPLUS\YOUTUBE\TESTE\IDE\TOOLS\HARBOUR\LIB\HBRTL.LIB|val ACBP=A9
 0001:0010CEF4 00000064 C=CODE    S=_TEXT    G=(none)   M=D:\PRGPLUS\YOUTUBE\TESTE\IDE\TOOLS\HARBOUR\LIB\HBRTL.LIB|valtostr ACBP=A9
 0001:0010CF58 0000027F C=CODE    S=_TEXT    G=(none)   M=D:\PRGPLUS\YOUTUBE\TESTE\IDE\TOOLS\HARBOUR\LIB\HBRTL.LIB|valtype ACBP=A9
 0001:0010D1D8 00000411 C=CODE    S=_TEXT    G=(none)   M=D:\PRGPLUS\YOUTUBE\TESTE\IDE\TOOLS\HARBOUR\LIB\HBRTL.LIB|version ACBP=A9
 0001:0010D5EC 00000FEF C=CODE    S=_TEXT    G=(none)   M=D:\PRGPLUS\YOUTUBE\TESTE\IDE\TOOLS\HARBOUR\LIB\HBRTL.LIB|vfile ACBP=A9
 0001:0010E5DC 00000036 C=CODE    S=_TEXT    G=(none)   M=D:\PRGPLUS\YOUTUBE\TESTE\IDE\TOOLS\HARBOUR\LIB\HBRTL.LIB|word ACBP=A9
 0001:0010E614 00000069 C=CODE    S=_TEXT    G=(none)   M=D:\PRGPLUS\YOUTUBE\TESTE\IDE\TOOLS\HARBOUR\LIB\HBRTL.LIB|xhelp ACBP=A9
 0001:0010E680 00000730 C=CODE    S=_TEXT    G=(none)   M=D:\PRGPLUS\YOUTUBE\TESTE\IDE\TOOLS\HARBOUR\LIB\HBRTL.LIB|adir ACBP=A9
 0001:0010EDB0 00000E06 C=CODE    S=_TEXT    G=(none)   M=D:\PRGPLUS\YOUTUBE\TESTE\IDE\TOOLS\HARBOUR\LIB\HBRTL.LIB|alert ACBP=A9
 0001:0010FBB8 00000E8D C=CODE    S=_TEXT    G=(none)   M=D:\PRGPLUS\YOUTUBE\TESTE\IDE\TOOLS\HARBOUR\LIB\HBRTL.LIB|dirscan ACBP=A9
 0001:00110A48 000027A0 C=CODE    S=_TEXT    G=(none)   M=D:\PRGPLUS\YOUTUBE\TESTE\IDE\TOOLS\HARBOUR\LIB\HBRTL.LIB|hbfilehi ACBP=A9
 0001:001131E8 0000189B C=CODE    S=_TEXT    G=(none)   M=D:\PRGPLUS\YOUTUBE\TESTE\IDE\TOOLS\HARBOUR\LIB\HBRTL.LIB|hbini ACBP=A9
 0001:00114A84 000033BE C=CODE    S=_TEXT    G=(none)   M=D:\PRGPLUS\YOUTUBE\TESTE\IDE\TOOLS\HARBOUR\LIB\HBRTL.LIB|langcomp ACBP=A9
 0001:00117E44 000000F1 C=CODE    S=_TEXT    G=(none)   M=D:\PRGPLUS\YOUTUBE\TESTE\IDE\TOOLS\HARBOUR\LIB\HBRTL.LIB|langlgcy ACBP=A9
 0001:00117F38 00001A3F C=CODE    S=_TEXT    G=(none)   M=D:\PRGPLUS\YOUTUBE\TESTE\IDE\TOOLS\HARBOUR\LIB\HBRTL.LIB|objfunc ACBP=A9
 0001:00119978 00003176 C=CODE    S=_TEXT    G=(none)   M=D:\PRGPLUS\YOUTUBE\TESTE\IDE\TOOLS\HARBOUR\LIB\HBRTL.LIB|tclass ACBP=A9
 0001:0011CAF0 00000552 C=CODE    S=_TEXT    G=(none)   M=D:\PRGPLUS\YOUTUBE\TESTE\IDE\TOOLS\HARBOUR\LIB\HBRTL.LIB|tobject ACBP=A9
 0001:0011D044 00001DE1 C=CODE    S=_TEXT    G=(none)   M=D:\PRGPLUS\YOUTUBE\TESTE\IDE\TOOLS\HARBOUR\LIB\HBRTL.LIB|valtoexp ACBP=A9
 0001:0011EE28 00000010 C=CODE    S=_TEXT    G=(none)   M=D:\PRGPLUS\YOUTUBE\TESTE\IDE\TOOLS\HARBOUR\LIB\HBLANG.LIB|l_be ACBP=A9
 0001:0011EE38 00000010 C=CODE    S=_TEXT    G=(none)   M=D:\PRGPLUS\YOUTUBE\TESTE\IDE\TOOLS\HARBOUR\LIB\HBLANG.LIB|l_bg ACBP=A9
 0001:0011EE48 00000010 C=CODE    S=_TEXT    G=(none)   M=D:\PRGPLUS\YOUTUBE\TESTE\IDE\TOOLS\HARBOUR\LIB\HBLANG.LIB|l_ca ACBP=A9
 0001:0011EE58 00000010 C=CODE    S=_TEXT    G=(none)   M=D:\PRGPLUS\YOUTUBE\TESTE\IDE\TOOLS\HARBOUR\LIB\HBLANG.LIB|l_cs ACBP=A9
 0001:0011EE68 00000010 C=CODE    S=_TEXT    G=(none)   M=D:\PRGPLUS\YOUTUBE\TESTE\IDE\TOOLS\HARBOUR\LIB\HBLANG.LIB|l_de ACBP=A9
 0001:0011EE78 00000010 C=CODE    S=_TEXT    G=(none)   M=D:\PRGPLUS\YOUTUBE\TESTE\IDE\TOOLS\HARBOUR\LIB\HBLANG.LIB|l_de_at ACBP=A9
 0001:0011EE88 00000010 C=CODE    S=_TEXT    G=(none)   M=D:\PRGPLUS\YOUTUBE\TESTE\IDE\TOOLS\HARBOUR\LIB\HBLANG.LIB|l_ee ACBP=A9
 0001:0011EE98 00000010 C=CODE    S=_TEXT    G=(none)   M=D:\PRGPLUS\YOUTUBE\TESTE\IDE\TOOLS\HARBOUR\LIB\HBLANG.LIB|l_el ACBP=A9
 0001:0011EEA8 00000010 C=CODE    S=_TEXT    G=(none)   M=D:\PRGPLUS\YOUTUBE\TESTE\IDE\TOOLS\HARBOUR\LIB\HBLANG.LIB|l_eo ACBP=A9
 0001:0011EEB8 00000010 C=CODE    S=_TEXT    G=(none)   M=D:\PRGPLUS\YOUTUBE\TESTE\IDE\TOOLS\HARBOUR\LIB\HBLANG.LIB|l_es ACBP=A9
 0001:0011EEC8 00000010 C=CODE    S=_TEXT    G=(none)   M=D:\PRGPLUS\YOUTUBE\TESTE\IDE\TOOLS\HARBOUR\LIB\HBLANG.LIB|l_es_419 ACBP=A9
 0001:0011EED8 00000010 C=CODE    S=_TEXT    G=(none)   M=D:\PRGPLUS\YOUTUBE\TESTE\IDE\TOOLS\HARBOUR\LIB\HBLANG.LIB|l_eu ACBP=A9
 0001:0011EEE8 00000010 C=CODE    S=_TEXT    G=(none)   M=D:\PRGPLUS\YOUTUBE\TESTE\IDE\TOOLS\HARBOUR\LIB\HBLANG.LIB|l_fr ACBP=A9
 0001:0011EEF8 00000010 C=CODE    S=_TEXT    G=(none)   M=D:\PRGPLUS\YOUTUBE\TESTE\IDE\TOOLS\HARBOUR\LIB\HBLANG.LIB|l_gl ACBP=A9
 0001:0011EF08 00000010 C=CODE    S=_TEXT    G=(none)   M=D:\PRGPLUS\YOUTUBE\TESTE\IDE\TOOLS\HARBOUR\LIB\HBLANG.LIB|l_he ACBP=A9
 0001:0011EF18 00000010 C=CODE    S=_TEXT    G=(none)   M=D:\PRGPLUS\YOUTUBE\TESTE\IDE\TOOLS\HARBOUR\LIB\HBLANG.LIB|l_hr ACBP=A9
 0001:0011EF28 00000010 C=CODE    S=_TEXT    G=(none)   M=D:\PRGPLUS\YOUTUBE\TESTE\IDE\TOOLS\HARBOUR\LIB\HBLANG.LIB|l_hu ACBP=A9
 0001:0011EF38 00000010 C=CODE    S=_TEXT    G=(none)   M=D:\PRGPLUS\YOUTUBE\TESTE\IDE\TOOLS\HARBOUR\LIB\HBLANG.LIB|l_id ACBP=A9
 0001:0011EF48 00000010 C=CODE    S=_TEXT    G=(none)   M=D:\PRGPLUS\YOUTUBE\TESTE\IDE\TOOLS\HARBOUR\LIB\HBLANG.LIB|l_is ACBP=A9
 0001:0011EF58 00000010 C=CODE    S=_TEXT    G=(none)   M=D:\PRGPLUS\YOUTUBE\TESTE\IDE\TOOLS\HARBOUR\LIB\HBLANG.LIB|l_it ACBP=A9
 0001:0011EF68 00000010 C=CODE    S=_TEXT    G=(none)   M=D:\PRGPLUS\YOUTUBE\TESTE\IDE\TOOLS\HARBOUR\LIB\HBLANG.LIB|l_ko ACBP=A9
 0001:0011EF78 00000010 C=CODE    S=_TEXT    G=(none)   M=D:\PRGPLUS\YOUTUBE\TESTE\IDE\TOOLS\HARBOUR\LIB\HBLANG.LIB|l_lt ACBP=A9
 0001:0011EF88 00000010 C=CODE    S=_TEXT    G=(none)   M=D:\PRGPLUS\YOUTUBE\TESTE\IDE\TOOLS\HARBOUR\LIB\HBLANG.LIB|l_lv ACBP=A9
 0001:0011EF98 00000010 C=CODE    S=_TEXT    G=(none)   M=D:\PRGPLUS\YOUTUBE\TESTE\IDE\TOOLS\HARBOUR\LIB\HBLANG.LIB|l_nl ACBP=A9
 0001:0011EFA8 00000010 C=CODE    S=_TEXT    G=(none)   M=D:\PRGPLUS\YOUTUBE\TESTE\IDE\TOOLS\HARBOUR\LIB\HBLANG.LIB|l_pl ACBP=A9
 0001:0011EFB8 00000010 C=CODE    S=_TEXT    G=(none)   M=D:\PRGPLUS\YOUTUBE\TESTE\IDE\TOOLS\HARBOUR\LIB\HBLANG.LIB|l_pt ACBP=A9
 0001:0011EFC8 00000010 C=CODE    S=_TEXT    G=(none)   M=D:\PRGPLUS\YOUTUBE\TESTE\IDE\TOOLS\HARBOUR\LIB\HBLANG.LIB|l_pt_br ACBP=A9
 0001:0011EFD8 00000010 C=CODE    S=_TEXT    G=(none)   M=D:\PRGPLUS\YOUTUBE\TESTE\IDE\TOOLS\HARBOUR\LIB\HBLANG.LIB|l_ro ACBP=A9
 0001:0011EFE8 00000010 C=CODE    S=_TEXT    G=(none)   M=D:\PRGPLUS\YOUTUBE\TESTE\IDE\TOOLS\HARBOUR\LIB\HBLANG.LIB|l_ru ACBP=A9
 0001:0011EFF8 00000010 C=CODE    S=_TEXT    G=(none)   M=D:\PRGPLUS\YOUTUBE\TESTE\IDE\TOOLS\HARBOUR\LIB\HBLANG.LIB|l_sk ACBP=A9
 0001:0011F008 00000010 C=CODE    S=_TEXT    G=(none)   M=D:\PRGPLUS\YOUTUBE\TESTE\IDE\TOOLS\HARBOUR\LIB\HBLANG.LIB|l_sl ACBP=A9
 0001:0011F018 00000010 C=CODE    S=_TEXT    G=(none)   M=D:\PRGPLUS\YOUTUBE\TESTE\IDE\TOOLS\HARBOUR\LIB\HBLANG.LIB|l_sr_cyr ACBP=A9
 0001:0011F028 00000010 C=CODE    S=_TEXT    G=(none)   M=D:\PRGPLUS\YOUTUBE\TESTE\IDE\TOOLS\HARBOUR\LIB\HBLANG.LIB|l_sr_lat ACBP=A9
 0001:0011F038 00000010 C=CODE    S=_TEXT    G=(none)   M=D:\PRGPLUS\YOUTUBE\TESTE\IDE\TOOLS\HARBOUR\LIB\HBLANG.LIB|l_sv ACBP=A9
 0001:0011F048 00000010 C=CODE    S=_TEXT    G=(none)   M=D:\PRGPLUS\YOUTUBE\TESTE\IDE\TOOLS\HARBOUR\LIB\HBLANG.LIB|l_tr ACBP=A9
 0001:0011F058 00000010 C=CODE    S=_TEXT    G=(none)   M=D:\PRGPLUS\YOUTUBE\TESTE\IDE\TOOLS\HARBOUR\LIB\HBLANG.LIB|l_uk ACBP=A9
 0001:0011F068 00000010 C=CODE    S=_TEXT    G=(none)   M=D:\PRGPLUS\YOUTUBE\TESTE\IDE\TOOLS\HARBOUR\LIB\HBLANG.LIB|l_zh ACBP=A9
 0001:0011F078 00000010 C=CODE    S=_TEXT    G=(none)   M=D:\PRGPLUS\YOUTUBE\TESTE\IDE\TOOLS\HARBOUR\LIB\HBLANG.LIB|l_zh_sim ACBP=A9
 0001:0011F088 00000447 C=CODE    S=_TEXT    G=(none)   M=D:\PRGPLUS\YOUTUBE\TESTE\IDE\TOOLS\HARBOUR\LIB\HBCPAGE.LIB|cp_utf8 ACBP=A9
 0001:0011F4D0 00000147 C=CODE    S=_TEXT    G=(none)   M=D:\PRGPLUS\YOUTUBE\TESTE\IDE\TOOLS\HARBOUR\LIB\HBCPAGE.LIB|cp_u16le ACBP=A9
 0001:0011F618 0000002C C=CODE    S=_TEXT    G=(none)   M=D:\PRGPLUS\YOUTUBE\TESTE\IDE\TOOLS\HARBOUR\LIB\HBCPAGE.LIB|cpbg866 ACBP=A9
 0001:0011F644 0000002C C=CODE    S=_TEXT    G=(none)   M=D:\PRGPLUS\YOUTUBE\TESTE\IDE\TOOLS\HARBOUR\LIB\HBCPAGE.LIB|cpbgiso ACBP=A9
 0001:0011F670 0000002C C=CODE    S=_TEXT    G=(none)   M=D:\PRGPLUS\YOUTUBE\TESTE\IDE\TOOLS\HARBOUR\LIB\HBCPAGE.LIB|cpbgmik ACBP=A9
 0001:0011F69C 0000002C C=CODE    S=_TEXT    G=(none)   M=D:\PRGPLUS\YOUTUBE\TESTE\IDE\TOOLS\HARBOUR\LIB\HBCPAGE.LIB|cpbgwin ACBP=A9
 0001:0011F6C8 0000002C C=CODE    S=_TEXT    G=(none)   M=D:\PRGPLUS\YOUTUBE\TESTE\IDE\TOOLS\HARBOUR\LIB\HBCPAGE.LIB|cpcs852 ACBP=A9
 0001:0011F6F4 00000010 C=CODE    S=_TEXT    G=(none)   M=D:\PRGPLUS\YOUTUBE\TESTE\IDE\TOOLS\HARBOUR\LIB\HBCPAGE.LIB|cpcs852c ACBP=A9
 0001:0011F704 0000002C C=CODE    S=_TEXT    G=(none)   M=D:\PRGPLUS\YOUTUBE\TESTE\IDE\TOOLS\HARBOUR\LIB\HBCPAGE.LIB|cpcsiso ACBP=A9
 0001:0011F730 0000002C C=CODE    S=_TEXT    G=(none)   M=D:\PRGPLUS\YOUTUBE\TESTE\IDE\TOOLS\HARBOUR\LIB\HBCPAGE.LIB|cpcskamc ACBP=A9
 0001:0011F75C 0000002C C=CODE    S=_TEXT    G=(none)   M=D:\PRGPLUS\YOUTUBE\TESTE\IDE\TOOLS\HARBOUR\LIB\HBCPAGE.LIB|cpcswin ACBP=A9
 0001:0011F788 0000002C C=CODE    S=_TEXT    G=(none)   M=D:\PRGPLUS\YOUTUBE\TESTE\IDE\TOOLS\HARBOUR\LIB\HBCPAGE.LIB|cpde850 ACBP=A9
 0001:0011F7B4 00000010 C=CODE    S=_TEXT    G=(none)   M=D:\PRGPLUS\YOUTUBE\TESTE\IDE\TOOLS\HARBOUR\LIB\HBCPAGE.LIB|cpde850m ACBP=A9
 0001:0011F7C4 0000002C C=CODE    S=_TEXT    G=(none)   M=D:\PRGPLUS\YOUTUBE\TESTE\IDE\TOOLS\HARBOUR\LIB\HBCPAGE.LIB|cpde858 ACBP=A9
 0001:0011F7F0 0000002C C=CODE    S=_TEXT    G=(none)   M=D:\PRGPLUS\YOUTUBE\TESTE\IDE\TOOLS\HARBOUR\LIB\HBCPAGE.LIB|cpdeiso ACBP=A9
 0001:0011F81C 0000002C C=CODE    S=_TEXT    G=(none)   M=D:\PRGPLUS\YOUTUBE\TESTE\IDE\TOOLS\HARBOUR\LIB\HBCPAGE.LIB|cpdewin ACBP=A9
 0001:0011F848 00000010 C=CODE    S=_TEXT    G=(none)   M=D:\PRGPLUS\YOUTUBE\TESTE\IDE\TOOLS\HARBOUR\LIB\HBCPAGE.LIB|cpdk865 ACBP=A9
 0001:0011F858 0000002C C=CODE    S=_TEXT    G=(none)   M=D:\PRGPLUS\YOUTUBE\TESTE\IDE\TOOLS\HARBOUR\LIB\HBCPAGE.LIB|cpee775 ACBP=A9
 0001:0011F884 0000002C C=CODE    S=_TEXT    G=(none)   M=D:\PRGPLUS\YOUTUBE\TESTE\IDE\TOOLS\HARBOUR\LIB\HBCPAGE.LIB|cpeewin ACBP=A9
 0001:0011F8B0 00000010 C=CODE    S=_TEXT    G=(none)   M=D:\PRGPLUS\YOUTUBE\TESTE\IDE\TOOLS\HARBOUR\LIB\HBCPAGE.LIB|cpel437 ACBP=A9
 0001:0011F8C0 0000002C C=CODE    S=_TEXT    G=(none)   M=D:\PRGPLUS\YOUTUBE\TESTE\IDE\TOOLS\HARBOUR\LIB\HBCPAGE.LIB|cpel737 ACBP=A9
 0001:0011F8EC 0000002C C=CODE    S=_TEXT    G=(none)   M=D:\PRGPLUS\YOUTUBE\TESTE\IDE\TOOLS\HARBOUR\LIB\HBCPAGE.LIB|cpeliso ACBP=A9
 0001:0011F918 0000002C C=CODE    S=_TEXT    G=(none)   M=D:\PRGPLUS\YOUTUBE\TESTE\IDE\TOOLS\HARBOUR\LIB\HBCPAGE.LIB|cpelwin ACBP=A9
 0001:0011F944 0000002C C=CODE    S=_TEXT    G=(none)   M=D:\PRGPLUS\YOUTUBE\TESTE\IDE\TOOLS\HARBOUR\LIB\HBCPAGE.LIB|cpes850 ACBP=A9
 0001:0011F970 00000010 C=CODE    S=_TEXT    G=(none)   M=D:\PRGPLUS\YOUTUBE\TESTE\IDE\TOOLS\HARBOUR\LIB\HBCPAGE.LIB|cpes850c ACBP=A9
 0001:0011F980 00000010 C=CODE    S=_TEXT    G=(none)   M=D:\PRGPLUS\YOUTUBE\TESTE\IDE\TOOLS\HARBOUR\LIB\HBCPAGE.LIB|cpes850m ACBP=A9
 0001:0011F990 0000002C C=CODE    S=_TEXT    G=(none)   M=D:\PRGPLUS\YOUTUBE\TESTE\IDE\TOOLS\HARBOUR\LIB\HBCPAGE.LIB|cpesiso ACBP=A9
 0001:0011F9BC 0000002C C=CODE    S=_TEXT    G=(none)   M=D:\PRGPLUS\YOUTUBE\TESTE\IDE\TOOLS\HARBOUR\LIB\HBCPAGE.LIB|cpesmwin ACBP=A9
 0001:0011F9E8 0000002C C=CODE    S=_TEXT    G=(none)   M=D:\PRGPLUS\YOUTUBE\TESTE\IDE\TOOLS\HARBOUR\LIB\HBCPAGE.LIB|cpeswin ACBP=A9
 0001:0011FA14 0000002C C=CODE    S=_TEXT    G=(none)   M=D:\PRGPLUS\YOUTUBE\TESTE\IDE\TOOLS\HARBOUR\LIB\HBCPAGE.LIB|cpfi850 ACBP=A9
 0001:0011FA40 0000002C C=CODE    S=_TEXT    G=(none)   M=D:\PRGPLUS\YOUTUBE\TESTE\IDE\TOOLS\HARBOUR\LIB\HBCPAGE.LIB|cpfr850 ACBP=A9
 0001:0011FA6C 0000002C C=CODE    S=_TEXT    G=(none)   M=D:\PRGPLUS\YOUTUBE\TESTE\IDE\TOOLS\HARBOUR\LIB\HBCPAGE.LIB|cpfr850c ACBP=A9
 0001:0011FA98 00000010 C=CODE    S=_TEXT    G=(none)   M=D:\PRGPLUS\YOUTUBE\TESTE\IDE\TOOLS\HARBOUR\LIB\HBCPAGE.LIB|cpfr850m ACBP=A9
 0001:0011FAA8 0000002C C=CODE    S=_TEXT    G=(none)   M=D:\PRGPLUS\YOUTUBE\TESTE\IDE\TOOLS\HARBOUR\LIB\HBCPAGE.LIB|cpfriso ACBP=A9
 0001:0011FAD4 0000002C C=CODE    S=_TEXT    G=(none)   M=D:\PRGPLUS\YOUTUBE\TESTE\IDE\TOOLS\HARBOUR\LIB\HBCPAGE.LIB|cpfrwin ACBP=A9
 0001:0011FB00 0000002C C=CODE    S=_TEXT    G=(none)   M=D:\PRGPLUS\YOUTUBE\TESTE\IDE\TOOLS\HARBOUR\LIB\HBCPAGE.LIB|cphe862 ACBP=A9
 0001:0011FB2C 0000002C C=CODE    S=_TEXT    G=(none)   M=D:\PRGPLUS\YOUTUBE\TESTE\IDE\TOOLS\HARBOUR\LIB\HBCPAGE.LIB|cphewin ACBP=A9
 0001:0011FB58 0000002C C=CODE    S=_TEXT    G=(none)   M=D:\PRGPLUS\YOUTUBE\TESTE\IDE\TOOLS\HARBOUR\LIB\HBCPAGE.LIB|cphr646 ACBP=A9
 0001:0011FB84 0000002C C=CODE    S=_TEXT    G=(none)   M=D:\PRGPLUS\YOUTUBE\TESTE\IDE\TOOLS\HARBOUR\LIB\HBCPAGE.LIB|cphr852 ACBP=A9
 0001:0011FBB0 0000002C C=CODE    S=_TEXT    G=(none)   M=D:\PRGPLUS\YOUTUBE\TESTE\IDE\TOOLS\HARBOUR\LIB\HBCPAGE.LIB|cphriso ACBP=A9
 0001:0011FBDC 0000002C C=CODE    S=_TEXT    G=(none)   M=D:\PRGPLUS\YOUTUBE\TESTE\IDE\TOOLS\HARBOUR\LIB\HBCPAGE.LIB|cphrwin ACBP=A9
 0001:0011FC08 0000002C C=CODE    S=_TEXT    G=(none)   M=D:\PRGPLUS\YOUTUBE\TESTE\IDE\TOOLS\HARBOUR\LIB\HBCPAGE.LIB|cphu852 ACBP=A9
 0001:0011FC34 0000002C C=CODE    S=_TEXT    G=(none)   M=D:\PRGPLUS\YOUTUBE\TESTE\IDE\TOOLS\HARBOUR\LIB\HBCPAGE.LIB|cphu852c ACBP=A9
 0001:0011FC60 0000002C C=CODE    S=_TEXT    G=(none)   M=D:\PRGPLUS\YOUTUBE\TESTE\IDE\TOOLS\HARBOUR\LIB\HBCPAGE.LIB|cphuiso ACBP=A9
 0001:0011FC8C 0000002C C=CODE    S=_TEXT    G=(none)   M=D:\PRGPLUS\YOUTUBE\TESTE\IDE\TOOLS\HARBOUR\LIB\HBCPAGE.LIB|cphuwin ACBP=A9
 0001:0011FCB8 0000002C C=CODE    S=_TEXT    G=(none)   M=D:\PRGPLUS\YOUTUBE\TESTE\IDE\TOOLS\HARBOUR\LIB\HBCPAGE.LIB|cpis850 ACBP=A9
 0001:0011FCE4 0000002C C=CODE    S=_TEXT    G=(none)   M=D:\PRGPLUS\YOUTUBE\TESTE\IDE\TOOLS\HARBOUR\LIB\HBCPAGE.LIB|cpis861 ACBP=A9
 0001:0011FD10 0000002C C=CODE    S=_TEXT    G=(none)   M=D:\PRGPLUS\YOUTUBE\TESTE\IDE\TOOLS\HARBOUR\LIB\HBCPAGE.LIB|cpit437 ACBP=A9
 0001:0011FD3C 0000002C C=CODE    S=_TEXT    G=(none)   M=D:\PRGPLUS\YOUTUBE\TESTE\IDE\TOOLS\HARBOUR\LIB\HBCPAGE.LIB|cpit850 ACBP=A9
 0001:0011FD68 00000010 C=CODE    S=_TEXT    G=(none)   M=D:\PRGPLUS\YOUTUBE\TESTE\IDE\TOOLS\HARBOUR\LIB\HBCPAGE.LIB|cpit850m ACBP=A9
 0001:0011FD78 0000002C C=CODE    S=_TEXT    G=(none)   M=D:\PRGPLUS\YOUTUBE\TESTE\IDE\TOOLS\HARBOUR\LIB\HBCPAGE.LIB|cpitisb ACBP=A9
 0001:0011FDA4 0000002C C=CODE    S=_TEXT    G=(none)   M=D:\PRGPLUS\YOUTUBE\TESTE\IDE\TOOLS\HARBOUR\LIB\HBCPAGE.LIB|cpitiso ACBP=A9
 0001:0011FDD0 0000002C C=CODE    S=_TEXT    G=(none)   M=D:\PRGPLUS\YOUTUBE\TESTE\IDE\TOOLS\HARBOUR\LIB\HBCPAGE.LIB|cpitwin ACBP=A9
 0001:0011FDFC 0000002C C=CODE    S=_TEXT    G=(none)   M=D:\PRGPLUS\YOUTUBE\TESTE\IDE\TOOLS\HARBOUR\LIB\HBCPAGE.LIB|cplt775 ACBP=A9
 0001:0011FE28 0000002C C=CODE    S=_TEXT    G=(none)   M=D:\PRGPLUS\YOUTUBE\TESTE\IDE\TOOLS\HARBOUR\LIB\HBCPAGE.LIB|cpltwin ACBP=A9
 0001:0011FE54 0000002C C=CODE    S=_TEXT    G=(none)   M=D:\PRGPLUS\YOUTUBE\TESTE\IDE\TOOLS\HARBOUR\LIB\HBCPAGE.LIB|cplv775 ACBP=A9
 0001:0011FE80 0000002C C=CODE    S=_TEXT    G=(none)   M=D:\PRGPLUS\YOUTUBE\TESTE\IDE\TOOLS\HARBOUR\LIB\HBCPAGE.LIB|cplvwin ACBP=A9
 0001:0011FEAC 00000010 C=CODE    S=_TEXT    G=(none)   M=D:\PRGPLUS\YOUTUBE\TESTE\IDE\TOOLS\HARBOUR\LIB\HBCPAGE.LIB|cpnl850 ACBP=A9
 0001:0011FEBC 00000010 C=CODE    S=_TEXT    G=(none)   M=D:\PRGPLUS\YOUTUBE\TESTE\IDE\TOOLS\HARBOUR\LIB\HBCPAGE.LIB|cpnl850m ACBP=A9
 0001:0011FECC 0000002C C=CODE    S=_TEXT    G=(none)   M=D:\PRGPLUS\YOUTUBE\TESTE\IDE\TOOLS\HARBOUR\LIB\HBCPAGE.LIB|cpno865 ACBP=A9
 0001:0011FEF8 0000002C C=CODE    S=_TEXT    G=(none)   M=D:\PRGPLUS\YOUTUBE\TESTE\IDE\TOOLS\HARBOUR\LIB\HBCPAGE.LIB|cppl852 ACBP=A9
 0001:0011FF24 0000002C C=CODE    S=_TEXT    G=(none)   M=D:\PRGPLUS\YOUTUBE\TESTE\IDE\TOOLS\HARBOUR\LIB\HBCPAGE.LIB|cppliso ACBP=A9
 0001:0011FF50 0000002C C=CODE    S=_TEXT    G=(none)   M=D:\PRGPLUS\YOUTUBE\TESTE\IDE\TOOLS\HARBOUR\LIB\HBCPAGE.LIB|cpplmaz ACBP=A9
 0001:0011FF7C 0000002C C=CODE    S=_TEXT    G=(none)   M=D:\PRGPLUS\YOUTUBE\TESTE\IDE\TOOLS\HARBOUR\LIB\HBCPAGE.LIB|cpplwin ACBP=A9
 0001:0011FFA8 0000002C C=CODE    S=_TEXT    G=(none)   M=D:\PRGPLUS\YOUTUBE\TESTE\IDE\TOOLS\HARBOUR\LIB\HBCPAGE.LIB|cppt850 ACBP=A9
 0001:0011FFD4 0000002C C=CODE    S=_TEXT    G=(none)   M=D:\PRGPLUS\YOUTUBE\TESTE\IDE\TOOLS\HARBOUR\LIB\HBCPAGE.LIB|cppt860 ACBP=A9
 0001:00120000 0000002C C=CODE    S=_TEXT    G=(none)   M=D:\PRGPLUS\YOUTUBE\TESTE\IDE\TOOLS\HARBOUR\LIB\HBCPAGE.LIB|cpptiso ACBP=A9
 0001:0012002C 0000002C C=CODE    S=_TEXT    G=(none)   M=D:\PRGPLUS\YOUTUBE\TESTE\IDE\TOOLS\HARBOUR\LIB\HBCPAGE.LIB|cpro852 ACBP=A9
 0001:00120058 0000002C C=CODE    S=_TEXT    G=(none)   M=D:\PRGPLUS\YOUTUBE\TESTE\IDE\TOOLS\HARBOUR\LIB\HBCPAGE.LIB|cproiso ACBP=A9
 0001:00120084 0000002C C=CODE    S=_TEXT    G=(none)   M=D:\PRGPLUS\YOUTUBE\TESTE\IDE\TOOLS\HARBOUR\LIB\HBCPAGE.LIB|cprowin ACBP=A9
 0001:001200B0 0000002C C=CODE    S=_TEXT    G=(none)   M=D:\PRGPLUS\YOUTUBE\TESTE\IDE\TOOLS\HARBOUR\LIB\HBCPAGE.LIB|cpru1251 ACBP=A9
 0001:001200DC 0000002C C=CODE    S=_TEXT    G=(none)   M=D:\PRGPLUS\YOUTUBE\TESTE\IDE\TOOLS\HARBOUR\LIB\HBCPAGE.LIB|cpru866 ACBP=A9
 0001:00120108 0000002C C=CODE    S=_TEXT    G=(none)   M=D:\PRGPLUS\YOUTUBE\TESTE\IDE\TOOLS\HARBOUR\LIB\HBCPAGE.LIB|cpruiso ACBP=A9
 0001:00120134 0000002C C=CODE    S=_TEXT    G=(none)   M=D:\PRGPLUS\YOUTUBE\TESTE\IDE\TOOLS\HARBOUR\LIB\HBCPAGE.LIB|cprukoi8 ACBP=A9
 0001:00120160 0000002C C=CODE    S=_TEXT    G=(none)   M=D:\PRGPLUS\YOUTUBE\TESTE\IDE\TOOLS\HARBOUR\LIB\HBCPAGE.LIB|cpsk852 ACBP=A9
 0001:0012018C 00000010 C=CODE    S=_TEXT    G=(none)   M=D:\PRGPLUS\YOUTUBE\TESTE\IDE\TOOLS\HARBOUR\LIB\HBCPAGE.LIB|cpsk852c ACBP=A9
 0001:0012019C 0000002C C=CODE    S=_TEXT    G=(none)   M=D:\PRGPLUS\YOUTUBE\TESTE\IDE\TOOLS\HARBOUR\LIB\HBCPAGE.LIB|cpskiso ACBP=A9
 0001:001201C8 0000002C C=CODE    S=_TEXT    G=(none)   M=D:\PRGPLUS\YOUTUBE\TESTE\IDE\TOOLS\HARBOUR\LIB\HBCPAGE.LIB|cpskkamc ACBP=A9
 0001:001201F4 0000002C C=CODE    S=_TEXT    G=(none)   M=D:\PRGPLUS\YOUTUBE\TESTE\IDE\TOOLS\HARBOUR\LIB\HBCPAGE.LIB|cpskwin ACBP=A9
 0001:00120220 0000002C C=CODE    S=_TEXT    G=(none)   M=D:\PRGPLUS\YOUTUBE\TESTE\IDE\TOOLS\HARBOUR\LIB\HBCPAGE.LIB|cpsl646 ACBP=A9
 0001:0012024C 0000002C C=CODE    S=_TEXT    G=(none)   M=D:\PRGPLUS\YOUTUBE\TESTE\IDE\TOOLS\HARBOUR\LIB\HBCPAGE.LIB|cpsl852 ACBP=A9
 0001:00120278 0000002C C=CODE    S=_TEXT    G=(none)   M=D:\PRGPLUS\YOUTUBE\TESTE\IDE\TOOLS\HARBOUR\LIB\HBCPAGE.LIB|cpsliso ACBP=A9
 0001:001202A4 0000002C C=CODE    S=_TEXT    G=(none)   M=D:\PRGPLUS\YOUTUBE\TESTE\IDE\TOOLS\HARBOUR\LIB\HBCPAGE.LIB|cpslwin ACBP=A9
 0001:001202D0 0000002C C=CODE    S=_TEXT    G=(none)   M=D:\PRGPLUS\YOUTUBE\TESTE\IDE\TOOLS\HARBOUR\LIB\HBCPAGE.LIB|cpsr646 ACBP=A9
 0001:001202FC 0000002C C=CODE    S=_TEXT    G=(none)   M=D:\PRGPLUS\YOUTUBE\TESTE\IDE\TOOLS\HARBOUR\LIB\HBCPAGE.LIB|cpsr646c ACBP=A9
 0001:00120328 0000002C C=CODE    S=_TEXT    G=(none)   M=D:\PRGPLUS\YOUTUBE\TESTE\IDE\TOOLS\HARBOUR\LIB\HBCPAGE.LIB|cpsrwin ACBP=A9
 0001:00120354 00000010 C=CODE    S=_TEXT    G=(none)   M=D:\PRGPLUS\YOUTUBE\TESTE\IDE\TOOLS\HARBOUR\LIB\HBCPAGE.LIB|cpsv437c ACBP=A9
 0001:00120364 00000010 C=CODE    S=_TEXT    G=(none)   M=D:\PRGPLUS\YOUTUBE\TESTE\IDE\TOOLS\HARBOUR\LIB\HBCPAGE.LIB|cpsv850 ACBP=A9
 0001:00120374 00000010 C=CODE    S=_TEXT    G=(none)   M=D:\PRGPLUS\YOUTUBE\TESTE\IDE\TOOLS\HARBOUR\LIB\HBCPAGE.LIB|cpsv850m ACBP=A9
 0001:00120384 0000002C C=CODE    S=_TEXT    G=(none)   M=D:\PRGPLUS\YOUTUBE\TESTE\IDE\TOOLS\HARBOUR\LIB\HBCPAGE.LIB|cpsviso ACBP=A9
 0001:001203B0 0000002C C=CODE    S=_TEXT    G=(none)   M=D:\PRGPLUS\YOUTUBE\TESTE\IDE\TOOLS\HARBOUR\LIB\HBCPAGE.LIB|cpsvwin ACBP=A9
 0001:001203DC 0000002C C=CODE    S=_TEXT    G=(none)   M=D:\PRGPLUS\YOUTUBE\TESTE\IDE\TOOLS\HARBOUR\LIB\HBCPAGE.LIB|cptr857 ACBP=A9
 0001:00120408 0000002C C=CODE    S=_TEXT    G=(none)   M=D:\PRGPLUS\YOUTUBE\TESTE\IDE\TOOLS\HARBOUR\LIB\HBCPAGE.LIB|cptriso ACBP=A9
 0001:00120434 0000002C C=CODE    S=_TEXT    G=(none)   M=D:\PRGPLUS\YOUTUBE\TESTE\IDE\TOOLS\HARBOUR\LIB\HBCPAGE.LIB|cptrwin ACBP=A9
 0001:00120460 0000002C C=CODE    S=_TEXT    G=(none)   M=D:\PRGPLUS\YOUTUBE\TESTE\IDE\TOOLS\HARBOUR\LIB\HBCPAGE.LIB|cpua1125 ACBP=A9
 0001:0012048C 0000002C C=CODE    S=_TEXT    G=(none)   M=D:\PRGPLUS\YOUTUBE\TESTE\IDE\TOOLS\HARBOUR\LIB\HBCPAGE.LIB|cpua1251 ACBP=A9
 0001:001204B8 0000002C C=CODE    S=_TEXT    G=(none)   M=D:\PRGPLUS\YOUTUBE\TESTE\IDE\TOOLS\HARBOUR\LIB\HBCPAGE.LIB|cpua866 ACBP=A9
 0001:001204E4 0000002C C=CODE    S=_TEXT    G=(none)   M=D:\PRGPLUS\YOUTUBE\TESTE\IDE\TOOLS\HARBOUR\LIB\HBCPAGE.LIB|cpuakoi8 ACBP=A9
 0001:00120510 000003D0 C=CODE    S=_TEXT    G=(none)   M=D:\PRGPLUS\YOUTUBE\TESTE\IDE\TOOLS\HARBOUR\LIB\GTGUI.LIB|gtgui ACBP=A9
 0001:001208E0 00003332 C=CODE    S=_TEXT    G=(none)   M=D:\PRGPLUS\YOUTUBE\TESTE\IDE\TOOLS\HARBOUR\LIB\HBRDD.LIB|dbcmd ACBP=A9
 0001:00123C14 00000A93 C=CODE    S=_TEXT    G=(none)   M=D:\PRGPLUS\YOUTUBE\TESTE\IDE\TOOLS\HARBOUR\LIB\HBRDD.LIB|dbcmd53 ACBP=A9
 0001:001246A8 00009B58 C=CODE    S=_TEXT    G=(none)   M=D:\PRGPLUS\YOUTUBE\TESTE\IDE\TOOLS\HARBOUR\LIB\HBRDD.LIB|dbf1 ACBP=A9
 0001:0012E200 00000016 C=CODE    S=_TEXT    G=(none)   M=D:\PRGPLUS\YOUTUBE\TESTE\IDE\TOOLS\HARBOUR\LIB\HBRDD.LIB|fieldhb ACBP=A9
 0001:0012E218 0000267E C=CODE    S=_TEXT    G=(none)   M=D:\PRGPLUS\YOUTUBE\TESTE\IDE\TOOLS\HARBOUR\LIB\HBRDD.LIB|workarea ACBP=A9
 0001:00130898 00000BF3 C=CODE    S=_TEXT    G=(none)   M=D:\PRGPLUS\YOUTUBE\TESTE\IDE\TOOLS\HARBOUR\LIB\HBRDD.LIB|wacore ACBP=A9
 0001:0013148C 000016AF C=CODE    S=_TEXT    G=(none)   M=D:\PRGPLUS\YOUTUBE\TESTE\IDE\TOOLS\HARBOUR\LIB\HBRDD.LIB|wafunc ACBP=A9
 0001:00132B3C 0000031C C=CODE    S=_TEXT    G=(none)   M=D:\PRGPLUS\YOUTUBE\TESTE\IDE\TOOLS\HARBOUR\LIB\HBRDD.LIB|rddord ACBP=A9
 0001:00132E58 00000021 C=CODE    S=_TEXT    G=(none)   M=D:\PRGPLUS\YOUTUBE\TESTE\IDE\TOOLS\HARBOUR\LIB\HBRDD.LIB|rddsys ACBP=A9
 0001:00132E7C 0000AF2C C=CODE    S=_TEXT    G=(none)   M=D:\PRGPLUS\YOUTUBE\TESTE\IDE\TOOLS\HARBOUR\LIB\RDDNTX.LIB|dbfntx1 ACBP=A9
 0001:0013DDA8 00007BA4 C=CODE    S=_TEXT    G=(none)   M=D:\PRGPLUS\YOUTUBE\TESTE\IDE\TOOLS\HARBOUR\LIB\RDDFPT.LIB|dbffpt1 ACBP=A9
 0001:0014594C 000003A6 C=CODE    S=_TEXT    G=(none)   M=D:\PRGPLUS\YOUTUBE\TESTE\IDE\TOOLS\HARBOUR\LIB\HBSIX.LIB|sxcrypt ACBP=A9
 0001:00145CF4 000000E8 C=CODE    S=_TEXT    G=(none)   M=D:\PRGPLUS\YOUTUBE\TESTE\IDE\TOOLS\HARBOUR\LIB\HBSIX.LIB|sxdate ACBP=A9
 0001:00145DDC 00001A9F C=CODE    S=_TEXT    G=(none)   M=D:\PRGPLUS\YOUTUBE\TESTE\IDE\TOOLS\HARBOUR\LIB\HBMACRO.LIB|macroy ACBP=A9
 0001:0014787C 00000625 C=CODE    S=_TEXT    G=(none)   M=D:\PRGPLUS\YOUTUBE\TESTE\IDE\TOOLS\HARBOUR\LIB\HBMACRO.LIB|macroa ACBP=A9
 0001:00147EA4 00006034 C=CODE    S=_TEXT    G=(none)   M=D:\PRGPLUS\YOUTUBE\TESTE\IDE\TOOLS\HARBOUR\LIB\HBMACRO.LIB|macrob ACBP=A9
 0001:0014DED8 000011AF C=CODE    S=_TEXT    G=(none)   M=D:\PRGPLUS\YOUTUBE\TESTE\IDE\TOOLS\HARBOUR\LIB\HBMACRO.LIB|macrolex ACBP=A9
 0001:0014F088 00000EC9 C=CODE    S=_TEXT    G=(none)   M=D:\PRGPLUS\YOUTUBE\TESTE\IDE\TOOLS\HARBOUR\LIB\HBCOMMON.LIB|expropt1 ACBP=A9
 0001:0014FF54 000032E9 C=CODE    S=_TEXT    G=(none)   M=D:\PRGPLUS\YOUTUBE\TESTE\IDE\TOOLS\HARBOUR\LIB\HBCOMMON.LIB|expropt2 ACBP=A9
 0001:00153240 000001C5 C=CODE    S=_TEXT    G=(none)   M=D:\PRGPLUS\YOUTUBE\TESTE\IDE\TOOLS\HARBOUR\LIB\HBCOMMON.LIB|funcid ACBP=A9
 0001:00153408 0000193E C=CODE    S=_TEXT    G=(none)   M=D:\PRGPLUS\YOUTUBE\TESTE\IDE\TOOLS\HARBOUR\LIB\HBCOMMON.LIB|hbdate ACBP=A9
 0001:00154D48 0000070B C=CODE    S=_TEXT    G=(none)   M=D:\PRGPLUS\YOUTUBE\TESTE\IDE\TOOLS\HARBOUR\LIB\HBCOMMON.LIB|hbffind ACBP=A9
 0001:00155454 0000005D C=CODE    S=_TEXT    G=(none)   M=D:\PRGPLUS\YOUTUBE\TESTE\IDE\TOOLS\HARBOUR\LIB\HBCOMMON.LIB|hbfopen ACBP=A9
 0001:001554B4 000003D3 C=CODE    S=_TEXT    G=(none)   M=D:\PRGPLUS\YOUTUBE\TESTE\IDE\TOOLS\HARBOUR\LIB\HBCOMMON.LIB|hbfsapi ACBP=A9
 0001:00155888 0000018C C=CODE    S=_TEXT    G=(none)   M=D:\PRGPLUS\YOUTUBE\TESTE\IDE\TOOLS\HARBOUR\LIB\HBCOMMON.LIB|hbgete ACBP=A9
 0001:00155A14 00001BFD C=CODE    S=_TEXT    G=(none)   M=D:\PRGPLUS\YOUTUBE\TESTE\IDE\TOOLS\HARBOUR\LIB\HBCOMMON.LIB|hbprintf ACBP=A9
 0001:00157614 00001444 C=CODE    S=_TEXT    G=(none)   M=D:\PRGPLUS\YOUTUBE\TESTE\IDE\TOOLS\HARBOUR\LIB\HBCOMMON.LIB|hbstr ACBP=A9
 0001:00158A58 00000975 C=CODE    S=_TEXT    G=(none)   M=D:\PRGPLUS\YOUTUBE\TESTE\IDE\TOOLS\HARBOUR\LIB\HBCOMMON.LIB|hbver ACBP=A9
 0001:001593D0 000002D9 C=CODE    S=_TEXT    G=(none)   M=D:\PRGPLUS\YOUTUBE\TESTE\IDE\TOOLS\HARBOUR\LIB\HBCOMMON.LIB|hbverdsp ACBP=A9
 0001:001596AC 000001CF C=CODE    S=_TEXT    G=(none)   M=D:\PRGPLUS\YOUTUBE\TESTE\IDE\TOOLS\HARBOUR\LIB\HBCOMMON.LIB|hbwin ACBP=A9
 0001:0015987C 00000611 C=CODE    S=_TEXT    G=(none)   M=D:\PRGPLUS\YOUTUBE\TESTE\IDE\TOOLS\HARBOUR\LIB\HBCOMMON.LIB|strwild ACBP=A9
 0001:00159E8D 00000044 C=CODE    S=_TEXT    G=(none)   M=D:\PRGPLUS\YOUTUBE\TESTE\IDE\TOOLS\HARBOUR\LIB\HBPCRE.LIB|chartabs ACBP=A9
 0001:00159E90 00009333 C=CODE    S=_TEXT    G=(none)   M=D:\PRGPLUS\YOUTUBE\TESTE\IDE\TOOLS\HARBOUR\LIB\HBPCRE.LIB|pcrecomp ACBP=A9
 0001:001631C4 0000013B C=CODE    S=_TEXT    G=(none)   M=D:\PRGPLUS\YOUTUBE\TESTE\IDE\TOOLS\HARBOUR\LIB\HBPCRE.LIB|pcreconf ACBP=A9
 0001:00163300 00011B85 C=CODE    S=_TEXT    G=(none)   M=D:\PRGPLUS\YOUTUBE\TESTE\IDE\TOOLS\HARBOUR\LIB\HBPCRE.LIB|pcreexec ACBP=A9
 0001:00174E85 00000044 C=CODE    S=_TEXT    G=(none)   M=D:\PRGPLUS\YOUTUBE\TESTE\IDE\TOOLS\HARBOUR\LIB\HBPCRE.LIB|pcreglob ACBP=A9
 0001:00174E88 0000041B C=CODE    S=_TEXT    G=(none)   M=D:\PRGPLUS\YOUTUBE\TESTE\IDE\TOOLS\HARBOUR\LIB\HBPCRE.LIB|pcrenewl ACBP=A9
 0001:001752A4 00000093 C=CODE    S=_TEXT    G=(none)   M=D:\PRGPLUS\YOUTUBE\TESTE\IDE\TOOLS\HARBOUR\LIB\HBPCRE.LIB|pcreoutf ACBP=A9
 0001:00175337 00000044 C=CODE    S=_TEXT    G=(none)   M=D:\PRGPLUS\YOUTUBE\TESTE\IDE\TOOLS\HARBOUR\LIB\HBPCRE.LIB|pcretabs ACBP=A9
 0001:00175337 00000044 C=CODE    S=_TEXT    G=(none)   M=D:\PRGPLUS\YOUTUBE\TESTE\IDE\TOOLS\HARBOUR\LIB\HBPCRE.LIB|pcreucd ACBP=A9
 0001:00175338 000003E7 C=CODE    S=_TEXT    G=(none)   M=D:\PRGPLUS\YOUTUBE\TESTE\IDE\TOOLS\HARBOUR\LIB\HBPCRE.LIB|pcrevutf ACBP=A9
 0001:00175720 0000087A C=CODE    S=_TEXT    G=(none)   M=D:\PRGPLUS\YOUTUBE\TESTE\IDE\TOOLS\HARBOUR\LIB\HBPCRE.LIB|pcrexcls ACBP=A9
 0001:00175F9C 00000393 C=CODE    S=_TEXT    G=(none)   M=D:\PRGPLUS\YOUTUBE\TESTE\IDE\TOOLS\HARBOUR\LIB\HBZLIB.LIB|adler32 ACBP=A9
 0001:00176330 000006C1 C=CODE    S=_TEXT    G=(none)   M=D:\PRGPLUS\YOUTUBE\TESTE\IDE\TOOLS\HARBOUR\LIB\HBZLIB.LIB|crc32 ACBP=A9
 0001:001769F4 00002B2C C=CODE    S=_TEXT    G=(none)   M=D:\PRGPLUS\YOUTUBE\TESTE\IDE\TOOLS\HARBOUR\LIB\HBZLIB.LIB|deflate ACBP=A9
 0001:00179520 00000471 C=CODE    S=_TEXT    G=(none)   M=D:\PRGPLUS\YOUTUBE\TESTE\IDE\TOOLS\HARBOUR\LIB\HBZLIB.LIB|inffast ACBP=A9
 0001:00179994 00001F5D C=CODE    S=_TEXT    G=(none)   M=D:\PRGPLUS\YOUTUBE\TESTE\IDE\TOOLS\HARBOUR\LIB\HBZLIB.LIB|inflate ACBP=A9
 0001:0017B8F4 00000425 C=CODE    S=_TEXT    G=(none)   M=D:\PRGPLUS\YOUTUBE\TESTE\IDE\TOOLS\HARBOUR\LIB\HBZLIB.LIB|inftrees ACBP=A9
 0001:0017BD1C 00001CF1 C=CODE    S=_TEXT    G=(none)   M=D:\PRGPLUS\YOUTUBE\TESTE\IDE\TOOLS\HARBOUR\LIB\HBZLIB.LIB|trees ACBP=A9
 0001:0017DA10 000000DB C=CODE    S=_TEXT    G=(none)   M=D:\PRGPLUS\YOUTUBE\TESTE\IDE\TOOLS\HARBOUR\LIB\HBZLIB.LIB|zutil ACBP=A9
 0001:0017DAEC 00000028 C=CODE    S=_TEXT    G=(none)   M=D:\PRGPLUS\YOUTUBE\TESTE\IDE\TOOLS\BCC\LIB\CW32MT.LIB|delaop ACBP=A9
 0001:0017DB14 0000002E C=CODE    S=_TEXT    G=(none)   M=D:\PRGPLUS\YOUTUBE\TESTE\IDE\TOOLS\BCC\LIB\CW32MT.LIB|delop ACBP=A9
 0001:0017DB44 00000063 C=CODE    S=_TEXT    G=(none)   M=D:\PRGPLUS\YOUTUBE\TESTE\IDE\TOOLS\BCC\LIB\CW32MT.LIB|exceptio ACBP=A9
 0001:0017DB79 0000009B C=CODE    S=_TEXT    G=(none)   M=D:\PRGPLUS\YOUTUBE\TESTE\IDE\TOOLS\BCC\LIB\CW32MT.LIB|gccex ACBP=A9
 0001:0017DC14 00000112 C=CODE    S=_TEXT    G=(none)   M=D:\PRGPLUS\YOUTUBE\TESTE\IDE\TOOLS\BCC\LIB\CW32MT.LIB|inst ACBP=A9
 0001:0017DD00 0000014B C=CODE    S=_TEXT    G=(none)   M=D:\PRGPLUS\YOUTUBE\TESTE\IDE\TOOLS\BCC\LIB\CW32MT.LIB|hrdir_b ACBP=A9
 0001:0017DE4C 00000020 C=CODE    S=_TEXT    G=(none)   M=D:\PRGPLUS\YOUTUBE\TESTE\IDE\TOOLS\BCC\LIB\CW32MT.LIB|hrdir_mf ACBP=A9
 0001:0017DE6C 000000DC C=CODE    S=_TEXT    G=(none)   M=D:\PRGPLUS\YOUTUBE\TESTE\IDE\TOOLS\BCC\LIB\CW32MT.LIB|hrdir_s ACBP=A9
 0001:0017DF48 00000001 C=CODE    S=_TEXT    G=(none)   M=D:\PRGPLUS\YOUTUBE\TESTE\IDE\TOOLS\BCC\LIB\CW32MT.LIB|hrdir_us ACBP=A9
[...]
 0002:000E8FB0  D1004_1
 0002:000E8FBC  D1006_1
 0002:000E8FC0  _zip_copyright
 0002:000E9018  D1008_1
 0002:000E9018  _unz_copyright
 0002:000E9070  D1012_1
 0002:000E96BC  D1018_1
 0002:000E9D88  D1020_1
 0002:000EA6F8  D1034_1
 0002:000EA984  D1038_1
 0002:000EA9AC  D1042_1
 0002:000EA9BC  D1044_1
 0002:000EA9C0  D1048_1
 0002:000EA9E8  D1066_1
 0002:000EAA18  D1084_1
 0002:000EAA24  D1088_1
 0002:000EAA6C  D1136_1
 0002:000EB1A4  D1162_1
 0002:000EB258  D1166_1
 0002:000EC2C8  D1442_1
 0002:000EC2D4  _hb_symEval
 0002:000EC318  _s_fKeyPool
 0002:000EC514  D1444_1
 0002:000EC520  D1446_1
 0002:000ED01C  D1448_1
 0002:000ED064  D1450_1
 0002:000ED070  D1452_1
 0002:000ED0B4  D1454_1
 0002:000ED0B8  D1456_1
 0002:000ED130  D1458_1
 0002:000ED168  D1460_1
 0002:000ED170  D1462_1
 0002:000ED1F4  D1464_1
 0002:000ED1F8  D1466_1
 0002:000ED21C  D1468_1
 0002:000ED248  D1470_1
 0002:000ED348  D1472_1
 0002:000ED360  D1480_1
 0002:000ED478  D1484_1
 0002:000ED480  D1490_1
 0002:000ED6A0  D1496_1
 0002:000EDBDC  D1508_1
 0002:000EDBE4  D1522_1
 0002:000EDD30  D1530_1
 0002:000EDD50  D1536_1
 0002:000EDD94  D1538_1
 0002:000EDDE4  D1544_1
 0002:000EE044  _hb_uniTbl_437
 0002:000EE16C  D1558_1
 0002:000EE1D8  D1564_1
 0002:000EE1DC  D1567_1
 0002:000EE1E4  D1579_1
 0002:000EE1E8  D1583_1
 0002:000EE238  D1589_1
 0002:000EE39C  D1593_1
 0002:000EE3A4  D1595_1
 0002:000EE484  D1597_1
 0002:000EE488  D1599_1
 0002:000EE558  D1605_1
 0002:000EE594  D1617_1
 0002:000EE5F8  D1619_1
 0002:000EE62C  D1621_1
 0002:000EE634  D1627_1
 0002:000EE638  D1631_1
 0002:000EE654  D1665_1
 0002:000EEC54  D1679_1
 0002:000EEF28  D1681_1
 0002:000EEF2C  D1683_1
 0002:000EF054  D1689_1
 0002:000EF0A0  D1695_1
 0002:000EF1A0  D1707_1
 0002:000EF1B0  D1711_1
 0002:000EF1C4  D1731_1
 0002:000EF1C8  D1735_1
 0002:000EF1D8  D1743_1
 0002:000EF1E8  D1747_1
 0002:000EF5F8  D1755_1
 0002:000EF60C  D1757_1
 0002:000EFA44  D1759_1
 0002:000F07E8  D1769_1
 0002:000F08FC  D1793_1
 0002:000F0908  D1795_1
 0002:000F0910  D1804_1
 0002:000F0914  D1806_1
 0002:000F0924  D1832_1
 0002:000F0928  D1836_1
 0002:000F0938  D1858_1
 0002:000F093C  D1890_1
 0002:000F0964  D1892_1
 0002:000F096C  D1924_1
 0002:000F09FC  D1926_1
 0002:000F0A04  D1930_1
 0002:000F0A10  D1936_1
 0002:000F0B10  D1938_1
 0002:000F0D9C  D1958_1
 0002:000F1078  D1980_1
 0002:000F14E8  D1984_1
 0002:000F19F0  D1988_1
 0002:000F1FA4  D1990_1
 0002:000F3768  D2004_1
 0002:000F3C80  D2030_1
 0002:000F469C  D2056_1
 0002:000F49BC  D2076_1
 0002:000F4D40  D2082_1
 0002:000F5D78  D2084_1
 0002:000F6DEC  D2086_1
 0002:000F775C  D2088_1
 0002:000F8134  D2090_1
 0002:000F8C34  D2092_1
 0002:000F974C  D2094_1
 0002:000FA0D8  D2096_1
 0002:000FB3C0  D2098_1
 0002:000FBD24  D2100_1
 0002:000FC81C  D2102_1
 0002:000FD318  D2104_1
 0002:000FDCE0  D2106_1
 0002:000FE7D8  D2108_1
 0002:000FF300  D2110_1
 0002:000FFE28  D2112_1
 0002:001008BC  D2114_1
 0002:00101434  D2116_1
 0002:00101D9C  D2118_1
 0002:00102744  D2120_1
 0002:00103254  D2122_1
 0002:00103BF0  D2124_1
 0002:00104590  D2126_1
 0002:00104F20  D2128_1
 0002:00105994  D2130_1
 0002:001064D8  D2132_1
 0002:00106F80  D2134_1
 0002:00107A34  D2136_1
 0002:001083A8  D2138_1
 0002:00109388  D2140_1
 0002:00109E04  D2142_1
 0002:0010A774  D2144_1
 0002:0010B730  D2146_1
 0002:0010C09C  D2148_1
 0002:0010CA10  D2150_1
 0002:0010D41C  D2152_1
 0002:0010E494  D2154_1
 0002:0010EE2C  D2156_1
 0002:0010F7C8  D2164_1
 0002:001338EC  D2166_1
 0002:00133968  D2168_1
 0002:00133A04  D2170_1
 0002:00133AA4  D2172_1
 0002:00133B3C  D2174_1
 0002:00133BDC  D2176_1
 0002:00133C7C  D2178_1
 0002:00134108  D2180_1
 0002:001341AC  D2182_1
 0002:0013426C  D2184_1
 0002:00134310  D2186_1
 0002:00134384  D2188_1
 0002:00134810  D2190_1
 0002:0013486C  D2192_1
 0002:001348CC  D2194_1
 0002:0013492C  D2196_1
 0002:00134DB4  D2198_1
 0002:00134E1C  D2200_1
 0002:00134E8C  D2202_1
 0002:00135318  D2204_1
 0002:001353BC  D2206_1
 0002:00135464  D2208_1
 0002:00135510  D2210_1
 0002:001355A8  D2212_1
 0002:00135A34  D2214_1
 0002:00135EC0  D2216_1
 0002:00135F5C  D2218_1
 0002:00135FFC  D2220_1
 0002:0013609C  D2222_1
 0002:00136114  D2224_1
 0002:001361DC  D2226_1
 0002:0013627C  D2228_1
 0002:00136708  D2230_1
 0002:001367D4  D2232_1
 0002:001368A4  D2234_1
 0002:001368B8  D2236_1
 0002:001368D4  D2238_1
 0002:00136940  D2240_1
 0002:001369A0  D2242_1
 0002:00136A04  D2244_1
 0002:00136A6C  D2246_1
 0002:00136AFC  D2248_1
 0002:00136BA4  D2250_1
 0002:00136C20  D2252_1
 0002:00136C9C  D2254_1
 0002:00136D2C  D2256_1
 0002:00136DBC  D2258_1
 0002:00136E34  D2260_1
 0002:00136EB8  D2262_1
 0002:00137344  D2264_1
 0002:001373F0  D2266_1
 0002:00137478  D2268_1
 0002:00137504  D2270_1
 0002:00137578  D2272_1
 0002:001375F0  D2274_1
 0002:00137668  D2276_1
 0002:001376E8  D2278_1
 0002:00137B70  D2280_1
 0002:00137FF8  D2282_1
 0002:00138074  D2284_1
 0002:001380E4  D2286_1
 0002:00138158  D2288_1
 0002:001381C8  D2290_1
 0002:0013823C  D2292_1
 0002:001382E8  D2294_1
 0002:00138350  D2296_1
 0002:00138400  D2298_1
 0002:00138460  D2300_1
 0002:001384C4  D2302_1
 0002:0013852C  D2304_1
 0002:001385CC  D2306_1
 0002:00138664  D2308_1
 0002:00138710  D2310_1
 0002:001387A8  D2312_1
 0002:00138870  D2314_1
 0002:00138CFC  D2316_1
 0002:00138DC8  D2318_1
 0002:00138E88  D2320_1
 0002:00138F58  D2322_1
 0002:00138FC4  D2324_1
 0002:00139028  D2326_1
 0002:00139090  D2328_1
 0002:001390F4  D2330_1
 0002:00139160  D2332_1
 0002:00139208  D2334_1
 0002:001392A0  D2336_1
 0002:0013972C  D2338_1
 0002:00139BB8  D2340_1
 0002:0013A044  D2342_1
 0002:0013A158  D2344_1
 0002:0013A26C  D2346_1
 0002:0013A2E0  D2348_1
 0002:0013A358  D2350_1
 0002:0013A3D0  D2352_1
 0002:0013A480  D2354_1
 0002:0013A534  D2356_1
 0002:0013A5DC  D2358_1
 0002:0013A68C  D2360_0
 0002:0013A88C  _hb_uniTbl_1125
 0002:0013A8A4  D2362_0
 0002:0013AAA4  _hb_uniTbl_1250
 0002:0013AABC  D2364_0
 0002:0013ACBC  _hb_uniTbl_1251
 0002:0013ACD4  D2366_0
 0002:0013AED4  _hb_uniTbl_1252
 0002:0013AEEC  D2368_0
 0002:0013B0EC  _hb_uniTbl_1253
 0002:0013B104  D2370_0
 0002:0013B304  _hb_uniTbl_1254
 0002:0013B31C  D2372_0
 0002:0013B51C  _hb_uniTbl_1255
 0002:0013B534  D2376_0
 0002:0013B734  _hb_uniTbl_1257
 0002:0013B74C  D2380_0
 0002:0013B94C  _hb_uniTbl_646YU
 0002:0013B968  D2382_0
 0002:0013BB68  _hb_uniTbl_646YUC
 0002:0013BB84  D2384_0
 0002:0013BD84  _hb_uniTbl_737
 0002:0013BD9C  D2386_0
 0002:0013BF9C  _hb_uniTbl_775
 0002:0013BFB4  D2388_0
 0002:0013C1B4  _hb_uniTbl_850
 0002:0013C1CC  D2390_0
 0002:0013C3CC  _hb_uniTbl_852
 0002:0013C3E4  D2394_0
 0002:0013C5E4  _hb_uniTbl_857
 0002:0013C5FC  D2396_0
 0002:0013C7FC  _hb_uniTbl_858
 0002:0013C814  D2398_0
 0002:0013CA14  _hb_uniTbl_860
 0002:0013CA2C  D2400_0
 0002:0013CC2C  _hb_uniTbl_861
 0002:0013CC44  D2402_0
 0002:0013CE44  _hb_uniTbl_862
 0002:0013CE5C  D2408_0
 0002:0013D05C  _hb_uniTbl_865
 0002:0013D074  D2410_0
 0002:0013D274  _hb_uniTbl_866
 0002:0013D28C  D2416_0
 0002:0013D48C  _hb_uniTbl_8859_1
 0002:0013D4A8  D2418_0
 0002:0013D6A8  _hb_uniTbl_8859_1b
 0002:0013D6C4  D2420_0
 0002:0013D8C4  _hb_uniTbl_8859_2
 0002:0013D8E0  D2426_0
 0002:0013DAE0  _hb_uniTbl_8859_5
 0002:0013DAFC  D2430_0
 0002:0013DCFC  _hb_uniTbl_8859_7
 0002:0013DD18  D2434_0
 0002:0013DF18  _hb_uniTbl_8859_9
 0002:0013DF34  D2444_0
 0002:0013E134  _hb_uniTbl_8859_15
 0002:0013E150  D2448_0
 0002:0013E350  _hb_uniTbl_kamenicky
 0002:0013E36C  D2450_0
 0002:0013E56C  _hb_uniTbl_KOI_8
 0002:0013E584  D2452_0
 0002:0013E784  _hb_uniTbl_KOI_8U
 0002:0013E79C  D2454_0
 0002:0013E99C  _hb_uniTbl_mazovia
 0002:0013E9B4  D2456_0
 0002:0013EBB4  _hb_uniTbl_MIK
 0002:0013EBCC  D2500_1
 0002:0013ECF4  D2502_1
 0002:0013ED08  D2514_1
 0002:0013EF0C  D2530_1
 0002:0013F0E4  D2532_1
 0002:0013F14C  D2534_1
 0002:0013F178  D2560_1
 0002:0013F3C0  D2564_1
 0002:0013F434  D2584_1
 0002:0013F8BC  D2592_1
 0002:0013FB24  D2622_1
 0002:00141828  D2624_1
 0002:00141840  D2626_1
 0002:00141840  _hb_macro_ExprTable
 0002:00141940  D2628_1
 0002:0014194C  D2686_1
 0002:00141B18  D2688_1
 0002:00141B1C  D2690_1
 0002:00142374  D2694_1
 0002:00142440  D2696_1
 0002:00142450  D2700_1
 0002:00142458  D2708_1
 0002:00142494  _hb_szAscii
 0002:00142494  D2710_1
 0002:00142B1C  D2716_1
 0002:00142D58  D2718_1
 0002:00142E74  _GUID_NULL
 0002:00142E74  D2747_0
 0002:00142E84  __pcre_default_tables
 0002:00142E84  D2763_1
 0002:001432C4  D2767_1
 0002:00144838  D2769_1
 0002:0014483C  D2773_1
 0002:00144854  _pcre_malloc
 0002:00144854  D2779_1
 0002:00144858  _pcre_free
 0002:0014485C  _pcre_stack_malloc
 0002:00144860  _pcre_stack_free
 0002:00144864  _pcre_callout
 0002:00144868  _pcre_stack_guard
 0002:0014486C  D2793_1
 0002:0014486C  __pcre_hspace_list
 0002:001448BC  __pcre_vspace_list
 0002:001448DC  __pcre_utf8_table1
 0002:001448F4  __pcre_utf8_table1_size
 0002:001448F8  __pcre_utf8_table2
 0002:00144910  __pcre_utf8_table3
 0002:00144928  __pcre_ucp_gentype
 0002:001449A0  __pcre_ucp_gbtable
 0002:001449D4  __pcre_utt
 0002:00144DCC  __pcre_utt_size
 0002:00144DD0  __pcre_OP_lengths
 0002:00144E72  __pcre_utf8_table4
 0002:00144EB2  __pcre_utt_names
 0002:001453BC  __pcre_ucd_caseless_sets
 0002:001453BC  D2795_1
 0002:001454F8  __pcre_ucd_records
 0002:00146B78  __pcre_ucd_stage2
 0002:00154E78  __pcre_ucd_stage1
 0002:00157078  D2807_1
 0002:001598F8  D2809_1
 0002:00159974  _deflate_copyright
 0002:001599B8  D2821_1
 0002:00159A08  D2823_1
 0002:0015A480  D2825_1
 0002:0015A57C  _inflate_copyright
 0002:0015A5AC  D2827_1
 0002:0015AD17  __dist_code
 0002:0015AF17  __length_code
 0002:0015B018  _z_errmsg
 0002:0015B018  D2831_1
 0002:0015B0B8  D2853_1
 0002:0015B0C8  D2859_1
 0002:0015B0D8  D2867_1
 0002:0015B0E0  D2871_1
 0002:0015B0E4  __thrwl__ std::exception::~exception()
 0002:0015B0E8  __ectbl__ std::exception::~exception()
 0002:0015B0F4  @std@exception@3
 0002:0015B108  __thrwl__ std::exception::exception()
 0002:0015B10C  __odtbl__ std::exception::exception()
 0002:0015B11C  __ectbl__ std::exception::exception()
 0002:0015B134  __thrwl__ std::bad_cast::~bad_cast()
 0002:0015B138  __ectbl__ std::bad_cast::~bad_cast()
 0002:0015B144  @std@bad_cast@3
 0002:0015B158  D3089_1
 0002:0015B268  D3101_1
 0002:0015B26C  __heap_redirector
 0002:0015B28C  __FastMM_IsMultiThread
 0002:0015B28C  D3105_1
 0002:0015B28D  __FastMM_ReportMemoryLeaksOnShutdown
 0002:0015B28E  __FastMM_NeverSleepOnMMThreadContention
 0002:0015B2C0  __FastMM_MemoryManager
 0002:0015B2D8  __FastMM_SmallBlockTypes
 0002:0015B9B8  __FastMM_MediumBlocksLocked
 0002:0015BA40  D3366_0
 0002:0015BA40  ___xxPersonality
 0002:0015BA44  D3368_1
 0002:0015BD80  __thrwl__ std::bad_typeid::~bad_typeid()
 0002:0015BD84  __ectbl__ std::bad_typeid::~bad_typeid()
 0002:0015BD90  @std@bad_typeid@3
 0002:0015BDA4  ___terminatePTR
 0002:0015BDA4  D3370_1
 0002:0015BDA8  ___unexpectdPTR
 0002:0015BDAC  ___CPPexceptionList
 0002:0015BDAC  D3372_1
 0002:0015BDB0  ___exceptFlags
 0002:0015BDB4  ___throwFileName
 0002:0015BDB8  ___throwLineNumber
 0002:0015BDBC  ___throwExceptionName
 0002:0015BDC0  ___exceptStaticBuffP
 0002:0015BDC4  ___exceptMemAllocVars
 0002:0015BDC8  ___ExceptStaticXbuff
 0002:0015BE48  __ExceptVarsSize
 0002:0015BE5C  __chtbl__ __call_terminate()
 0002:0015BE7C  __ectbl__ __call_terminate()
 0002:0015BE94  __stkchk
 0002:0015BE94  D3378_1
 0002:0015BEA8  __cfinfo_get
 0002:0015BEA8  D3412_1
 0002:0015BEAC  D3470_1
 0002:0015BEAC  __notUmask
 0002:0015BEB0  __fileinfo
 0002:0015BEB0  D3496_0
 0002:0015BEB4  D3566_0
 0002:0015BEB4  __streams
 0002:0015C364  D3568_0
 0002:0015C364  __nfile
 0002:0015C368  __openfd
 0002:0015C430  __fmode
 0002:0015C430  D3578_0
 0002:0015C434  D3580_1
 0002:0015C434  __fmodeptr
 0002:0015C438  D3663_1
 0002:0015C49C  D3665_1
 0002:0015C49C  __dosErrorToSV
 0002:0015C5C8  D3689_1
 0002:0015C5D4  D3697_1
 0002:0015C5D4  __sys_errlist
 0002:0015C69C  __sys_nerr
 0002:0015CA68  D3787_1
 0002:0015CAD0  D3831_1
 0002:0015CB48  D3935_0
 0002:0015CB48  __chartype
 0002:0015CD4C  __localeconvention
 0002:0015CD4C  D3937_1
 0002:0015CD88  D3939_1
 0002:0015CDD8  D3941_0
 0002:0015CDD8  __lower
 0002:0015CED8  __upper
 0002:0015CED8  D3945_0
 0002:0015CFD8  D3961_1
 0002:0015CFD8  ___mb_cur_max
 0002:0015CFDC  ___localeLock
 0002:0015D0F0  D3963_0
 0002:0015D0F0  _CMonetary
 0002:0015D124  _CNumeric
 0002:0015D13A  _CTimeDate
 0002:0015D1FC  _CLOCALE
 0002:0015D228  ___locale
 0002:0015D34C  D3965_1
 0002:0015D3D8  D4093_1
 0002:0015D3E8  D4099_1
 0002:0015D4A8  D4106_1
 0002:0015D4C4  D4112_1
 0002:0015D4DC  D4136_1
 0002:0015D4E8  D4138_1
 0002:0015D4F0  D4154_1
 0002:0015D4F0  __realcvtptr
 0002:0015D4F4  __nextrealptr
 0002:0015D4F8  __scantodptr
 0002:0015D4FC  __scanrsltptr
 0002:0015D558  __realcvtwptr
 0002:0015D558  D4156_1
 0002:0015D55C  __nextrealwptr
 0002:0015D560  __scanwtodptr
 0002:0015D564  __scanwrsltptr
 0002:0015D5C0  __default87
 0002:0015D5C0  D4158_0
 0002:0015D5C4  D4164_1
 0002:0015D5D0  D4170_1
 0002:0015D5E4  D4172_1
 0002:0015D5F8  D4174_1
 0002:0015D610  D4212_0
 0002:0015D610  __huge_flt
 0002:0015D614  __huge_dble
 0002:0015D61C  __huge_ldble
 0002:0015D626  __max_flt
 0002:0015D62A  __max_dble
 0002:0015D632  __max_ldble
 0002:0015D63C  __indefinite
 0002:0015D640  __tiny_ldble
 0002:0015D64C  ___ieee_64_p_inf
 0002:0015D654  ___ieee_64_n_inf
 0002:0015D65C  ___ieee_64_p_nanq
 0002:0015D664  ___ieee_64_n_nanq
 0002:0015D66C  ___ieee_64_p_nans
 0002:0015D674  ___ieee_64_n_nans
 0002:0015D67C  ___ieee_64_p_zero
 0002:0015D684  ___ieee_64_n_zero
 0002:0015D68C  D4222_0
 0002:0015D68C  __turboFloat
 0002:0015D690  __floatconvert
 0002:0015D694  D4239_1
 0002:0015D6A0  D4241_1
 0002:0015D6B0  __pmatherr
 0002:0015D6B0  D4263_1
 0002:0015D6B4  __pmatherrl
 0002:0015D6B8  D4267_0
 0002:0015D6B8  __mathwhy
 0002:0015D6FC  D4277_1
 0002:0015D718  D4291_1
 0002:0015D72C  D4293_1
 0002:0015D754  D4300_1
 0002:0015D77C  D4302_1
 0002:0015D7A4  D4304_1
 0002:0015D7B0  D4306_1
 0002:0015D7B8  D4312_1
 0002:0015D7C8  D4328_1
 0002:0015D7D4  __kalpha
 0002:0015D7D4  D4368_1
 0002:0015D7D6  __kpunct
 0002:0015D81C  D4508_1
 0002:0015D840  D4528_1
 0002:0015D864  __messagefunc
 0002:0015D864  D4532_1
 0002:0015D868  __messagefile
 0002:0015D874  D4561_1
 0002:0015D8B0  ___pCallAtExitProcs
 0002:0015D8B0  D4563_0
 0002:0015D8B4  D4599_1
 0002:0015D8B4  __exitbuf
 0002:0015D8B8  __exitfopen
 0002:0015D8BC  __exitopen
 0002:0015D8C0  __setargv_ptr
 0002:0015D8C0  D4623_0
 0002:0015D8C4  __exitargv_ptr
 0002:0015D8C8  __wsetargv_ptr
 0002:0015D8C8  D4625_0
 0002:0015D8CC  __wexitargv_ptr
 0002:0015D8D0  D4627_1
 0002:0015D8D0  __setargv__
 0002:0015D924  __cmdline_escapes
 0002:0015D924  D4629_1
 0002:0015D94C  D4631_1
 0002:0015D970  __argv_expand_ptr
 0002:0015D970  D4684_0
 0002:0015D974  D4686_0
 0002:0015D974  __wargv_expand_ptr
 0002:0015D978  D4688_1
 0002:0015D978  __argv0
 0002:0015D998  __setenvp__
 0002:0015D998  D4702_1
 0002:0015DA04  D4706_1
 0002:0015DA64  D4728_0
 0002:0015DA64  __isWindows
 0002:0015DA68  D4729_1
 0002:0015DA84  D4751_1
 0002:0015DAA0  D4756_1
 0002:0015DAB4  __SWeekday
 0002:0015DAB4  D4776_0
 0002:0015DAD0  __LWeekday
 0002:0015DAEC  __SMonth
 0002:0015DB1C  __LMonth
 0002:0015DB4C  __AmPm
 0002:0015DB54  __Days
 0002:0015DB60  __YDays
 0002:0015DC78  D4780_1
 0002:0015DC78  __PREFER_END_STANDARD_TIME
 0002:0015DC79  __PREFER_START_DAYLIGHT_TIME
 0002:0015DC80  __timezone
 0002:0015DC80  D4782_1
 0002:0015DC84  __daylight
 0002:0015DC88  D4784_1
 0002:0015DC88  __tzname
 0002:0015DC9C  D4790_1
 0002:0015DCA0  ___debuggerDisableTerminateCallback
 0002:0015DCA0  D4842_1
 0002:0015E5D4  __odtbl__ ___ExceptionHandler(_EXCEPTION_RECORD *, ERRbc *, _CONTEXT *, void *, unsigned long, unsigned long, unsigned long, unsigned long, unsigned long, unsigned long)
 0002:0015E5E4  __ectbl__ ___ExceptionHandler(_EXCEPTION_RECORD *, ERRbc *, _CONTEXT *, void *, unsigned long, unsigned long, unsigned long, unsigned long, unsigned long, unsigned long)
 0002:0015E608  __thrwl__ std::bad_exception::bad_exception()
 0002:0015E60C  __odtbl__ std::bad_exception::bad_exception()
 0002:0015E61C  __ectbl__ std::bad_exception::bad_exception()
 0002:0015E634  __thrwl__ std::bad_exception::~bad_exception()
 0002:0015E638  __odtbl__ std::bad_exception::~bad_exception()
 0002:0015E648  __ectbl__ std::bad_exception::~bad_exception()
 0002:0015E660  __ectbl__ std::bad_exception::bad_exception(std::bad_exception&)
 0002:0015E66C  @std@bad_exception@3
 0002:0015E680  _IID_IUnknown
 0002:0015E690  _IID_IShellLinkA
 0002:0015E6A0  _CLSID_ShellLink
 0002:0015E6B0  _IID_IEnumVARIANT
 0002:0015E6C0  _IID_IDispatch
 0002:0015E6D0  _IID_IPersistFile
 0002:0015E6E0  _IID_IPicture
 0002:0015E6F0  _IID_IConnectionPointContainer
 0003:00000000  B122_2
 0003:00019000  B127_2
 0003:00019000  _AtlAxWinInit
 0003:00019004  _AtlAxGetControl
 0003:00019008  B299_2
 0003:0001900C  B307_2
 0003:00019010  B309_2
 0003:00019018  B323_2
 0003:00019120  B353_2
 0003:00019140  B361_2
 0003:00019144  B385_2
 0003:00019548  B389_2
 0003:00019D70  B407_2
 0003:00019D7C  B421_2
 0003:00019D84  B425_2
 0003:00019D88  B481_2
 0003:00019D88  _GdiPlusStartup
 0003:00019D8C  _GdiPlusShutdown
 0003:00019D90  _GdipCreateBitmapFromStream
 0003:00019D94  _GdipCreateHBITMAPFromBitmap
 0003:00019D98  _GdipGetImageEncodersSize
 0003:00019D9C  _GdipGetImageEncoders
 0003:00019DA0  _GdipLoadImageFromStream
 0003:00019DA4  _GdipSaveImageToFile
 0003:00019DA8  _GdiPlusToken
 0003:00019DAC  _GDIPlusStartupInput
 0003:00019DBC  B1034_2
 0003:00019DC8  B1442_2
 0003:00019DCC  _hb_stack
 0003:00019DCC  B1452_2
 0003:0001A0B8  B1454_2
 0003:0001A0D0  B1456_2
 0003:0001A2C0  B1530_2
 0003:0001A3D0  B1544_2
 0003:0001A6D0  B1599_2
 0003:0001A8D0  B1631_2
 0003:0001A8D8  B1679_2
 0003:0001A964  B1709_1
 0003:0001A968  B2500_2
 0003:0001AB60  B2514_2
 0003:0001ACF0  B2584_2
 0003:0001AE84  B2592_2
 0003:0001B014  B2622_2
 0003:0001B024  B3089_2
 0003:0001B024  __bormm_pfn_FreeMem
 0003:0001B028  __bormm_pfn_GetMem
 0003:0001B02C  __bormm_pfn_AllocMem
 0003:0001B030  __bormm_pfn_ReallocMem
 0003:0001B034  __bormm_pfn_HeapAddRef
 0003:0001B038  __bormm_pfn_HeapRelease
 0003:0001B040  __borlndmm_GetMem
 0003:0001B044  B3105_2
 0003:0001B055  __FastMM_AllocSize2SmallBlockTypeIndX4
 0003:0001B19C  __FastMM_LastSequentiallyFedMediumBlock
 0003:0001B1A0  __FastMM_MediumSequentialFeedBytesLeft
 0003:0001B1A4  __FastMM_MediumBlockBinGroupBitmap
 0003:0001B1A8  __FastMM_MediumBlockBinBitmaps
 0003:0001B228  __FastMM_MediumBlockBins
 0003:0001D240  B3368_2
 0003:0001D648  __DestructorCountPtr
 0003:0001D648  B3372_2
 0003:0001D650  B3378_2
 0003:0001D650  __HandlerPtr
 0003:0001D654  __UserHandlerPtr
 0003:0001D658  B3568_1
 0003:0001D658  __pidtab
 0003:0001D720  __handles
 0003:0001D7E8  B3663_2
 0003:0001D7F0  B3671_1
 0003:0001D7F4  B3787_2
 0003:0001D7FC  B4368_2
 0003:0001D7FC  __mbctype
 0003:0001D900  __mbcsCodePage
 0003:0001D904  B4508_2
 0003:0001DA04  B4528_2
 0003:0001DA20  __argv
 0003:0001DA20  B4627_2
 0003:0001DA2C  B4629_2
 0003:0001DA30  B4631_2
 0003:0001DA34  B4702_2
 0003:0001DA34  __environ
 0003:0001DA3C  __envsize
 0003:0001DA40  __env_lock
 0003:0001DA44  __C0argc
 0003:0001DA44  B4728_1
 0003:0001DA48  __C0argv
 0003:0001DA4C  __C0environ
 0003:0001DA50  __oscmd
 0003:0001DA54  __osenv
 0003:0001DA58  __argc
 0003:0001DA5C  __dll_table
 0003:0001DA64  __ExcRegPtr
 0003:0001DA68  __wosenv
 0003:0001DA6C  __woscmd
 0003:0001DA70  ___exit_lock
 0003:0001DA74  __wC0argv
 0003:0001DA78  __wC0environ
 0003:0001DA7C  __exe_table
 0003:0001DA84  __stkbase
 0003:0001DA88  B4751_2
 0003:0001DA90  B4756_2
 0003:00020F44  B4784_2
 0003:00020F4C  B4842_2
 0003:00020F50  ___pCPPdebugHook
 0003:00020F54  _pVCL_add_EH
 0003:00020F58  _pVCL_clear_EH
 0003:00020F5C  _getExceptionObject
 0003:00020F60  _raiseExceptObject
 0004:00000000  T3372_3
 0004:00000000  ___xxInfo
 0004:0000009C  __stkindex
 0004:0000009C  T4743_1
 0004:000000A0  __tlsindex
